Component: ARM Compiler 5.06 update 5 (build 528) Tool: armlink [4d35e2]

==============================================================================

Section Cross References

    main.o(i.count_proc) refers to gray_track.o(i.digtal) for digtal
    main.o(i.count_proc) refers to main.o(.data) for count_flag
    main.o(i.key_scan) refers to ml_gpio.o(i.gpio_get) for gpio_get
    main.o(i.key_scan) refers to main.o(.data) for key_val
    main.o(i.main) refers to ml_oled.o(i.OLED_Init) for OLED_Init
    main.o(i.main) refers to motor.o(i.motor_init) for motor_init
    main.o(i.main) refers to motor.o(i.encoder_init) for encoder_init
    main.o(i.main) refers to ml_uart.o(i.uart_init) for uart_init
    main.o(i.main) refers to sy_hcsr04.o(i.sy_hcsr04_init) for sy_hcsr04_init
    main.o(i.main) refers to main.o(i.out_init) for out_init
    main.o(i.main) refers to pid.o(i.pid_init) for pid_init
    main.o(i.main) refers to gray_track.o(i.gray_init) for gray_init
    main.o(i.main) refers to ml_exti.o(i.exti_init) for exti_init
    main.o(i.main) refers to ml_tim.o(i.tim_interrupt_ms_init) for tim_interrupt_ms_init
    main.o(i.main) refers to ml_gpio.o(i.gpio_set) for gpio_set
    main.o(i.main) refers to printf1.o(i.__0printf$1) for __2printf
    main.o(i.main) refers to pid.o(.bss) for motorA
    main.o(i.main) refers to gray_track.o(.data) for bb_flag
    main.o(i.out_device) refers to ml_gpio.o(i.gpio_set) for gpio_set
    main.o(i.out_device) refers to main.o(.data) for key
    main.o(i.out_device) refers to gray_track.o(.data) for bb_flag
    main.o(i.out_init) refers to ml_gpio.o(i.gpio_init) for gpio_init
    isr.o(i.EXTI2_IRQHandler) refers to ml_gpio.o(i.gpio_get) for gpio_get
    isr.o(i.EXTI2_IRQHandler) refers to motor.o(.data) for Encoder_count1
    isr.o(i.EXTI4_IRQHandler) refers to ml_gpio.o(i.gpio_get) for gpio_get
    isr.o(i.EXTI4_IRQHandler) refers to motor.o(.data) for Encoder_count2
    isr.o(i.EXTI9_5_IRQHandler) refers to ml_mpu6050.o(i.MPU6050_GetData) for MPU6050_GetData
    isr.o(i.EXTI9_5_IRQHandler) refers to ml_hmc5883l.o(i.HMC5883L_GetData) for HMC5883L_GetData
    isr.o(i.EXTI9_5_IRQHandler) refers to fflti.o(.text) for __aeabi_i2f
    isr.o(i.EXTI9_5_IRQHandler) refers to f2d.o(.text) for __aeabi_f2d
    isr.o(i.EXTI9_5_IRQHandler) refers to ddiv.o(.text) for __aeabi_ddiv
    isr.o(i.EXTI9_5_IRQHandler) refers to dmul.o(.text) for __aeabi_dmul
    isr.o(i.EXTI9_5_IRQHandler) refers to dadd.o(.text) for __aeabi_dadd
    isr.o(i.EXTI9_5_IRQHandler) refers to d2f.o(.text) for __aeabi_d2f
    isr.o(i.EXTI9_5_IRQHandler) refers to fdiv.o(.text) for __aeabi_fdiv
    isr.o(i.EXTI9_5_IRQHandler) refers to atan.o(i.atan) for atan
    isr.o(i.EXTI9_5_IRQHandler) refers to atan2.o(i.atan2) for atan2
    isr.o(i.EXTI9_5_IRQHandler) refers to filter.o(i.Kalman_Filter) for Kalman_Filter
    isr.o(i.EXTI9_5_IRQHandler) refers to ml_mpu6050.o(.data) for gx
    isr.o(i.EXTI9_5_IRQHandler) refers to ml_hmc5883l.o(.data) for hmc_y
    isr.o(i.EXTI9_5_IRQHandler) refers to filter.o(.data) for KF_Roll
    isr.o(i.TIM3_IRQHandler) refers to ml_gpio.o(i.gpio_set) for gpio_set
    isr.o(i.TIM3_IRQHandler) refers to gray_track.o(i.digtal) for digtal
    isr.o(i.TIM3_IRQHandler) refers to pid.o(i.pid_control) for pid_control
    isr.o(i.TIM3_IRQHandler) refers to isr.o(.data) for run_state
    isr.o(i.TIM4_IRQHandler) refers to sy_hcsr04.o(i.sy_hcsr04_cm) for sy_hcsr04_cm
    isr.o(i.TIM4_IRQHandler) refers to cfcmple.o(.text) for __aeabi_cfcmple
    isr.o(i.TIM4_IRQHandler) refers to printf1.o(i.__0printf$1) for __2printf
    isr.o(i.TIM4_IRQHandler) refers to isr.o(.data) for stop_time
    motor.o(i.encoder_init) refers to ml_exti.o(i.exti_init) for exti_init
    motor.o(i.encoder_init) refers to ml_gpio.o(i.gpio_init) for gpio_init
    motor.o(i.motorA_duty) refers to ml_pwm.o(i.pwm_update) for pwm_update
    motor.o(i.motorA_duty) refers to ml_gpio.o(i.gpio_set) for gpio_set
    motor.o(i.motorB_duty) refers to ml_pwm.o(i.pwm_update) for pwm_update
    motor.o(i.motorB_duty) refers to ml_gpio.o(i.gpio_set) for gpio_set
    motor.o(i.motor_init) refers to ml_pwm.o(i.pwm_init) for pwm_init
    motor.o(i.motor_init) refers to ml_gpio.o(i.gpio_init) for gpio_init
    gray_track.o(i.digtal) refers to ml_gpio.o(i.gpio_get) for gpio_get
    gray_track.o(i.gray_init) refers to ml_gpio.o(i.gpio_init) for gpio_init
    gray_track.o(i.track) refers to pid.o(i.motor_target_set) for motor_target_set
    gray_track.o(i.track) refers to ml_gpio.o(i.gpio_set) for gpio_set
    gray_track.o(i.track) refers to gray_track.o(i.digtal) for digtal
    gray_track.o(i.track) refers to gray_track.o(.data) for stop_flag
    gray_track.o(i.track) refers to isr.o(.data) for stop_time
    filter.o(i.Kalman_Filter) refers to fadd.o(.text) for __aeabi_fsub
    filter.o(i.Kalman_Filter) refers to fmul.o(.text) for __aeabi_fmul
[...]
    printfa.o(i.__0vsnprintf) refers to printfa.o(i._snputc) for _snputc
    printfa.o(i.__0vsprintf) refers (Special) to iusefp.o(.text) for __I$use$fp
    printfa.o(i.__0vsprintf) refers to printfa.o(i._printf_core) for _printf_core
    printfa.o(i.__0vsprintf) refers to printfa.o(i._sputc) for _sputc
    printfa.o(i._fp_digits) refers (Special) to iusefp.o(.text) for __I$use$fp
    printfa.o(i._fp_digits) refers to dmul.o(.text) for __aeabi_dmul
    printfa.o(i._fp_digits) refers to ddiv.o(.text) for __aeabi_ddiv
    printfa.o(i._fp_digits) refers to cdrcmple.o(.text) for __aeabi_cdrcmple
    printfa.o(i._fp_digits) refers to dadd.o(.text) for __aeabi_dadd
    printfa.o(i._fp_digits) refers to dfixul.o(.text) for __aeabi_d2ulz
    printfa.o(i._fp_digits) refers to uldiv.o(.text) for __aeabi_uldivmod
    printfa.o(i._printf_core) refers (Special) to iusefp.o(.text) for __I$use$fp
    printfa.o(i._printf_core) refers to printfa.o(i._printf_pre_padding) for _printf_pre_padding
    printfa.o(i._printf_core) refers to uldiv.o(.text) for __aeabi_uldivmod
    printfa.o(i._printf_core) refers to printfa.o(i._printf_post_padding) for _printf_post_padding
    printfa.o(i._printf_core) refers to printfa.o(i._fp_digits) for _fp_digits
    printfa.o(i._printf_core) refers to uidiv.o(.text) for __aeabi_uidivmod
    printfa.o(i._printf_post_padding) refers (Special) to iusefp.o(.text) for __I$use$fp
    printfa.o(i._printf_pre_padding) refers (Special) to iusefp.o(.text) for __I$use$fp
    printfa.o(i._snputc) refers (Special) to iusefp.o(.text) for __I$use$fp
    printfa.o(i._sputc) refers (Special) to iusefp.o(.text) for __I$use$fp
    fadd.o(.text) refers (Special) to iusefp.o(.text) for __I$use$fp
    fadd.o(.text) refers to fepilogue.o(.text) for _float_epilogue
    fmul.o(.text) refers (Special) to iusefp.o(.text) for __I$use$fp
    fdiv.o(.text) refers (Special) to iusefp.o(.text) for __I$use$fp
    fdiv.o(.text) refers to fepilogue.o(.text) for _float_round
    dadd.o(.text) refers (Special) to iusefp.o(.text) for __I$use$fp
    dadd.o(.text) refers to llshl.o(.text) for __aeabi_llsl
    dadd.o(.text) refers to llsshr.o(.text) for __aeabi_lasr
    dadd.o(.text) refers to depilogue.o(.text) for _double_epilogue
    dmul.o(.text) refers (Special) to iusefp.o(.text) for __I$use$fp
    dmul.o(.text) refers to depilogue.o(.text) for _double_epilogue
    ddiv.o(.text) refers (Special) to iusefp.o(.text) for __I$use$fp
    ddiv.o(.text) refers to depilogue.o(.text) for _double_round
    fflti.o(.text) refers (Special) to iusefp.o(.text) for __I$use$fp
    fflti.o(.text) refers to fepilogue.o(.text) for _float_epilogue
    ffltui.o(.text) refers (Special) to iusefp.o(.text) for __I$use$fp
    ffltui.o(.text) refers to fepilogue.o(.text) for _float_epilogue
    dflti.o(.text) refers (Special) to iusefp.o(.text) for __I$use$fp
    dflti.o(.text) refers to depilogue.o(.text) for _double_epilogue
    dfltui.o(.text) refers (Special) to iusefp.o(.text) for __I$use$fp
    dfltui.o(.text) refers to depilogue.o(.text) for _double_epilogue
    ffixi.o(.text) refers (Special) to iusefp.o(.text) for __I$use$fp
    ffixui.o(.text) refers (Special) to iusefp.o(.text) for __I$use$fp
    dfixi.o(.text) refers (Special) to iusefp.o(.text) for __I$use$fp
    dfixi.o(.text) refers to llushr.o(.text) for __aeabi_llsr
    f2d.o(.text) refers (Special) to iusefp.o(.text) for __I$use$fp
    d2f.o(.text) refers (Special) to iusefp.o(.text) for __I$use$fp
    d2f.o(.text) refers to fepilogue.o(.text) for _float_round
    cfcmple.o(.text) refers (Special) to iusefp.o(.text) for __I$use$fp
    cfrcmple.o(.text) refers (Special) to iusefp.o(.text) for __I$use$fp
    dunder.o(i.__mathlib_dbl_divzero) refers to ddiv.o(.text) for __aeabi_ddiv
    dunder.o(i.__mathlib_dbl_infnan) refers to dscalb.o(.text) for __ARM_scalbn
    dunder.o(i.__mathlib_dbl_infnan2) refers to dadd.o(.text) for __aeabi_dadd
    dunder.o(i.__mathlib_dbl_invalid) refers to ddiv.o(.text) for __aeabi_ddiv
    dunder.o(i.__mathlib_dbl_overflow) refers to dscalb.o(.text) for __ARM_scalbn
    dunder.o(i.__mathlib_dbl_posinfnan) refers to dmul.o(.text) for __aeabi_dmul
    dunder.o(i.__mathlib_dbl_underflow) refers to dscalb.o(.text) for __ARM_scalbn
    fpclassify.o(i.__ARM_fpclassify) refers (Special) to iusefp.o(.text) for __I$use$fp
    poly.o(i.__kernel_poly) refers (Special) to iusefp.o(.text) for __I$use$fp
    poly.o(i.__kernel_poly) refers to dmul.o(.text) for __aeabi_dmul
    poly.o(i.__kernel_poly) refers to dadd.o(.text) for __aeabi_dadd
    qnan.o(.constdata) refers (Special) to iusefp.o(.text) for __I$use$fp
    sqrt.o(i.__softfp_sqrt) refers (Special) to iusefp.o(.text) for __I$use$fp
    sqrt.o(i.__softfp_sqrt) refers to dsqrt.o(.text) for _dsqrt
    sqrt.o(i.__softfp_sqrt) refers to errno.o(i.__set_errno) for __set_errno
    sqrt.o(i.sqrt) refers (Special) to iusefp.o(.text) for __I$use$fp
    sqrt.o(i.sqrt) refers to dsqrt.o(.text) for _dsqrt
    sqrt.o(i.sqrt) refers to errno.o(i.__set_errno) for __set_errno
    sqrt_x.o(i.____softfp_sqrt$lsc) refers (Special) to iusefp.o(.text) for __I$use$fp
    sqrt_x.o(i.____softfp_sqrt$lsc) refers to cdcmple.o(.text) for __aeabi_cdcmple
    sqrt_x.o(i.____softfp_sqrt$lsc) refers to errno.o(i.__set_errno) for __set_errno
    sqrt_x.o(i.____softfp_sqrt$lsc) refers to dsqrt.o(.text) for _dsqrt
    sqrt_x.o(i.__sqrt$lsc) refers (Special) to iusefp.o(.text) for __I$use$fp
    sqrt_x.o(i.__sqrt$lsc) refers to cdcmple.o(.text) for __aeabi_cdcmple
    sqrt_x.o(i.__sqrt$lsc) refers to errno.o(i.__set_errno) for __set_errno
    sqrt_x.o(i.__sqrt$lsc) refers to dsqrt.o(.text) for _dsqrt
    entry2.o(.ARM.Collect$$$$00000001) refers to entry2.o(.ARM.Collect$$$$00002712) for __lit__00000000
    entry2.o(.ARM.Collect$$$$00002712) refers to startup_stm32f10x_md.o(STACK) for __initial_sp
    entry2.o(__vectab_stack_and_reset_area) refers to startup_stm32f10x_md.o(STACK) for __initial_sp
    entry2.o(__vectab_stack_and_reset_area) refers to entry.o(.ARM.Collect$$$$00000000) for __main
    entry5.o(.ARM.Collect$$$$00000004) refers to init.o(.text) for __scatterload
    entry9a.o(.ARM.Collect$$$$0000000B) refers to main.o(i.main) for main
    entry9b.o(.ARM.Collect$$$$0000000C) refers to main.o(i.main) for main
    uldiv.o(.text) refers to llushr.o(.text) for __aeabi_llsr
    uldiv.o(.text) refers to llshl.o(.text) for __aeabi_llsl
    errno.o(i.__aeabi_errno_addr) refers to errno.o(.data) for .data
    errno.o(i.__read_errno) refers to errno.o(.data) for .data
    errno.o(i.__set_errno) refers to errno.o(.data) for .data
    depilogue.o(.text) refers to llshl.o(.text) for __aeabi_llsl
    depilogue.o(.text) refers to llushr.o(.text) for __aeabi_llsr
    dfixul.o(.text) refers to llushr.o(.text) for __aeabi_llsr
    dfixul.o(.text) refers to llshl.o(.text) for __aeabi_llsl
    init.o(.text) refers to entry5.o(.ARM.Collect$$$$00000004) for __main_after_scatterload
    dsqrt.o(.text) refers to llushr.o(.text) for __aeabi_llsr
    dsqrt.o(.text) refers to depilogue.o(.text) for _double_round


==============================================================================

Removing Unused input sections from the image.

    Removing main.o(i.count_proc), (108 bytes).
    Removing main.o(i.key_scan), (24 bytes).
    Removing main.o(i.out_device), (60 bytes).
    Removing main.o(.data), (28 bytes).
    Removing filter.o(i.Mahony_Filter), (84 bytes).
    Removing pid.o(i.datavision_send), (116 bytes).
    Removing system_stm32f10x.o(i.SystemCoreClockUpdate), (164 bytes).
    Removing system_stm32f10x.o(.data), (20 bytes).
    Removing startup_stm32f10x_md.o(HEAP), (512 bytes).
    Removing ml_delay.o(i.delay_ms), (24 bytes).
    Removing ml_delay.o(i.delay_s), (24 bytes).
    Removing ml_uart.o(i._sys_exit), (4 bytes).
    Removing ml_uart.o(i.uart_getbyte), (20 bytes).
    Removing ml_uart.o(i.uart_sendbyte), (32 bytes).
    Removing ml_uart.o(i.uart_sendstr), (26 bytes).
    Removing ml_adc.o(i.adc_get), (64 bytes).
    Removing ml_adc.o(i.adc_init), (472 bytes).
    Removing ml_adc.o(i.adc_pin_init), (224 bytes).
    Removing ml_adc.o(.data), (12 bytes).
    Removing ml_mpu6050.o(i.MPU6050_Init), (52 bytes).
    Removing ml_mpu6050.o(i.MPU6050_Write), (46 bytes).
    Removing ml_i2c.o(i.I2C_Init), (44 bytes).
    Removing ml_i2c.o(i.I2C_SendAck), (34 bytes).
    Removing ml_oled.o(i.OLED_DrawBMP), (116 bytes).
    Removing ml_oled.o(i.OLED_Pow), (20 bytes).
    Removing ml_oled.o(i.OLED_ShowBinNum), (62 bytes).
    Removing ml_oled.o(i.OLED_ShowChar), (116 bytes).
    Removing ml_oled.o(i.OLED_ShowFloat), (152 bytes).
    Removing ml_oled.o(i.OLED_ShowHexNum), (84 bytes).
    Removing ml_oled.o(i.OLED_ShowNum), (68 bytes).
    Removing ml_oled.o(i.OLED_ShowSignedNum), (102 bytes).
    Removing ml_oled.o(i.OLED_ShowString), (40 bytes).
    Removing ml_oled.o(.constdata), (1520 bytes).
    Removing ml_hmc5883l.o(i.HMC5883L_Init), (28 bytes).
    Removing ml_hmc5883l.o(i.HMC5883L_Write), (46 bytes).
    Removing sy_hcsr04.o(i.TIM5_IRQHandler), (56 bytes).
    Removing stm32f10x_tim.o(i.TIM_ARRPreloadConfig), (24 bytes).
    Removing stm32f10x_tim.o(i.TIM_BDTRConfig), (32 bytes).
    Removing stm32f10x_tim.o(i.TIM_BDTRStructInit), (18 bytes).
    Removing stm32f10x_tim.o(i.TIM_CCPreloadControl), (24 bytes).
    Removing stm32f10x_tim.o(i.TIM_CCxCmd), (30 bytes).
    Removing stm32f10x_tim.o(i.TIM_CCxNCmd), (30 bytes).
    Removing stm32f10x_tim.o(i.TIM_ClearITPendingBit), (6 bytes).
    Removing stm32f10x_tim.o(i.TIM_ClearOC1Ref), (18 bytes).
    Removing stm32f10x_tim.o(i.TIM_ClearOC2Ref), (24 bytes).
    Removing stm32f10x_tim.o(i.TIM_ClearOC3Ref), (18 bytes).
    Removing stm32f10x_tim.o(i.TIM_ClearOC4Ref), (24 bytes).
    Removing stm32f10x_tim.o(i.TIM_CounterModeConfig), (18 bytes).
    Removing stm32f10x_tim.o(i.TIM_CtrlPWMOutputs), (30 bytes).
    Removing stm32f10x_tim.o(i.TIM_DMACmd), (18 bytes).
    Removing stm32f10x_tim.o(i.TIM_DMAConfig), (10 bytes).
    Removing stm32f10x_tim.o(i.TIM_DeInit), (488 bytes).
    Removing stm32f10x_tim.o(i.TIM_ETRClockMode1Config), (54 bytes).
    Removing stm32f10x_tim.o(i.TIM_ETRClockMode2Config), (32 bytes).
    Removing stm32f10x_tim.o(i.TIM_ETRConfig), (28 bytes).
    Removing stm32f10x_tim.o(i.TIM_EncoderInterfaceConfig), (66 bytes).
    Removing stm32f10x_tim.o(i.TIM_ForcedOC1Config), (18 bytes).
    Removing stm32f10x_tim.o(i.TIM_ForcedOC2Config), (26 bytes).
    Removing stm32f10x_tim.o(i.TIM_ForcedOC3Config), (18 bytes).
    Removing stm32f10x_tim.o(i.TIM_ForcedOC4Config), (26 bytes).
    Removing stm32f10x_tim.o(i.TIM_GenerateEvent), (4 bytes).
    Removing stm32f10x_tim.o(i.TIM_GetCapture3), (6 bytes).
    Removing stm32f10x_tim.o(i.TIM_GetCapture4), (8 bytes).
    Removing stm32f10x_tim.o(i.TIM_GetCounter), (6 bytes).
    Removing stm32f10x_tim.o(i.TIM_GetITStatus), (34 bytes).
    Removing stm32f10x_tim.o(i.TIM_GetPrescaler), (6 bytes).
    Removing stm32f10x_tim.o(i.TIM_ICStructInit), (18 bytes).
    Removing stm32f10x_tim.o(i.TIM_ITConfig), (18 bytes).
    Removing stm32f10x_tim.o(i.TIM_ITRxExternalClockConfig), (24 bytes).
    Removing stm32f10x_tim.o(i.TIM_InternalClockConfig), (12 bytes).
    Removing stm32f10x_tim.o(i.TIM_OC1FastConfig), (18 bytes).
    Removing stm32f10x_tim.o(i.TIM_OC1Init), (152 bytes).
    Removing stm32f10x_tim.o(i.TIM_OC1NPolarityConfig), (18 bytes).
    Removing stm32f10x_tim.o(i.TIM_OC1PolarityConfig), (18 bytes).
    Removing stm32f10x_tim.o(i.TIM_OC1PreloadConfig), (18 bytes).
    Removing stm32f10x_tim.o(i.TIM_OC2FastConfig), (26 bytes).
    Removing stm32f10x_tim.o(i.TIM_OC2Init), (164 bytes).
    Removing stm32f10x_tim.o(i.TIM_OC2NPolarityConfig), (26 bytes).
    Removing stm32f10x_tim.o(i.TIM_OC2PolarityConfig), (26 bytes).
    Removing stm32f10x_tim.o(i.TIM_OC2PreloadConfig), (26 bytes).
    Removing stm32f10x_tim.o(i.TIM_OC3FastConfig), (18 bytes).
    Removing stm32f10x_tim.o(i.TIM_OC3Init), (160 bytes).
    Removing stm32f10x_tim.o(i.TIM_OC3NPolarityConfig), (26 bytes).
    Removing stm32f10x_tim.o(i.TIM_OC3PolarityConfig), (26 bytes).
    Removing stm32f10x_tim.o(i.TIM_OC3PreloadConfig), (18 bytes).
    Removing stm32f10x_tim.o(i.TIM_OC4FastConfig), (26 bytes).
    Removing stm32f10x_tim.o(i.TIM_OC4Init), (124 bytes).
    Removing stm32f10x_tim.o(i.TIM_OC4PolarityConfig), (26 bytes).
    Removing stm32f10x_tim.o(i.TIM_OC4PreloadConfig), (26 bytes).
    Removing stm32f10x_tim.o(i.TIM_OCStructInit), (20 bytes).
    Removing stm32f10x_tim.o(i.TIM_PWMIConfig), (124 bytes).
    Removing stm32f10x_tim.o(i.TIM_PrescalerConfig), (6 bytes).
    Removing stm32f10x_tim.o(i.TIM_SelectCCDMA), (24 bytes).
    Removing stm32f10x_tim.o(i.TIM_SelectCOM), (24 bytes).
    Removing stm32f10x_tim.o(i.TIM_SelectHallSensor), (24 bytes).
    Removing stm32f10x_tim.o(i.TIM_SelectInputTrigger), (18 bytes).
    Removing stm32f10x_tim.o(i.TIM_SelectMasterSlaveMode), (18 bytes).
    Removing stm32f10x_tim.o(i.TIM_SelectOCxM), (82 bytes).
    Removing stm32f10x_tim.o(i.TIM_SelectOnePulseMode), (18 bytes).
    Removing stm32f10x_tim.o(i.TIM_SelectOutputTrigger), (18 bytes).
    Removing stm32f10x_tim.o(i.TIM_SelectSlaveMode), (18 bytes).
    Removing stm32f10x_tim.o(i.TIM_SetAutoreload), (4 bytes).
    Removing stm32f10x_tim.o(i.TIM_SetClockDivision), (18 bytes).
    Removing stm32f10x_tim.o(i.TIM_SetCompare1), (4 bytes).
    Removing stm32f10x_tim.o(i.TIM_SetCompare2), (4 bytes).
    Removing stm32f10x_tim.o(i.TIM_SetCompare3), (4 bytes).
    Removing stm32f10x_tim.o(i.TIM_SetCompare4), (6 bytes).
    Removing stm32f10x_tim.o(i.TIM_TIxExternalClockConfig), (62 bytes).
    Removing stm32f10x_tim.o(i.TIM_TimeBaseStructInit), (18 bytes).
    Removing stm32f10x_tim.o(i.TIM_UpdateDisableConfig), (24 bytes).
    Removing stm32f10x_tim.o(i.TIM_UpdateRequestConfig), (24 bytes).
    Removing stm32f10x_rcc.o(i.RCC_ADCCLKConfig), (24 bytes).
    Removing stm32f10x_rcc.o(i.RCC_AHBPeriphClockCmd), (32 bytes).
    Removing stm32f10x_rcc.o(i.RCC_APB1PeriphClockCmd), (32 bytes).
    Removing stm32f10x_rcc.o(i.RCC_APB1PeriphResetCmd), (32 bytes).
    Removing stm32f10x_rcc.o(i.RCC_APB2PeriphResetCmd), (32 bytes).
    Removing stm32f10x_rcc.o(i.RCC_AdjustHSICalibrationValue), (24 bytes).
    Removing stm32f10x_rcc.o(i.RCC_BackupResetCmd), (12 bytes).
    Removing stm32f10x_rcc.o(i.RCC_ClearFlag), (20 bytes).
    Removing stm32f10x_rcc.o(i.RCC_ClearITPendingBit), (12 bytes).
    Removing stm32f10x_rcc.o(i.RCC_ClockSecuritySystemCmd), (12 bytes).
    Removing stm32f10x_rcc.o(i.RCC_DeInit), (76 bytes).
    Removing stm32f10x_rcc.o(i.RCC_GetClocksFreq), (212 bytes).
    Removing stm32f10x_rcc.o(i.RCC_GetFlagStatus), (60 bytes).
    Removing stm32f10x_rcc.o(i.RCC_GetITStatus), (24 bytes).
    Removing stm32f10x_rcc.o(i.RCC_GetSYSCLKSource), (16 bytes).
    Removing stm32f10x_rcc.o(i.RCC_HCLKConfig), (24 bytes).
    Removing stm32f10x_rcc.o(i.RCC_HSEConfig), (76 bytes).
    Removing stm32f10x_rcc.o(i.RCC_HSICmd), (12 bytes).
    Removing stm32f10x_rcc.o(i.RCC_ITConfig), (32 bytes).
    Removing stm32f10x_rcc.o(i.RCC_LSEConfig), (52 bytes).
    Removing stm32f10x_rcc.o(i.RCC_LSICmd), (12 bytes).
    Removing stm32f10x_rcc.o(i.RCC_MCOConfig), (12 bytes).
    Removing stm32f10x_rcc.o(i.RCC_PCLK1Config), (24 bytes).
    Removing stm32f10x_rcc.o(i.RCC_PCLK2Config), (24 bytes).
    Removing stm32f10x_rcc.o(i.RCC_PLLCmd), (12 bytes).
    Removing stm32f10x_rcc.o(i.RCC_PLLConfig), (28 bytes).
    Removing stm32f10x_rcc.o(i.RCC_RTCCLKCmd), (12 bytes).
    Removing stm32f10x_rcc.o(i.RCC_RTCCLKConfig), (16 bytes).
    Removing stm32f10x_rcc.o(i.RCC_SYSCLKConfig), (24 bytes).
    Removing stm32f10x_rcc.o(i.RCC_USBCLKConfig), (12 bytes).
    Removing stm32f10x_rcc.o(i.RCC_WaitForHSEStartUp), (56 bytes).
    Removing stm32f10x_rcc.o(.data), (20 bytes).
    Removing dfixi.o(.text), (62 bytes).
    Removing dfixul.o(.text), (48 bytes).
    Removing cdrcmple.o(.text), (48 bytes).
    Removing dsqrt.o(.text), (162 bytes).
    Removing cdcmple.o(.text), (48 bytes).

148 unused section(s) (total 8760 bytes) removed from the image.

==============================================================================

Image Symbol Table

    Local Symbols

    Symbol Name                              Value     Ov Type        Size  Object(Section)

    ../clib/../cmprslib/zerorunl2.c          0x00000000   Number         0  __dczerorl2.o ABSOLUTE
    ../clib/microlib/division.c              0x00000000   Number         0  uldiv.o ABSOLUTE
    ../clib/microlib/division.c              0x00000000   Number         0  uidiv.o ABSOLUTE
    ../clib/microlib/errno.c                 0x00000000   Number         0  errno.o ABSOLUTE
    ../clib/microlib/init/entry.s            0x00000000   Number         0  entry2.o ABSOLUTE
    ../clib/microlib/init/entry.s            0x00000000   Number         0  entry7a.o ABSOLUTE
    ../clib/microlib/init/entry.s            0x00000000   Number         0  entry11b.o ABSOLUTE
    ../clib/microlib/init/entry.s            0x00000000   Number         0  entry7b.o ABSOLUTE
    ../clib/microlib/init/entry.s            0x00000000   Number         0  entry8a.o ABSOLUTE
    ../clib/microlib/init/entry.s            0x00000000   Number         0  entry5.o ABSOLUTE
    ../clib/microlib/init/entry.s            0x00000000   Number         0  entry8b.o ABSOLUTE
    ../clib/microlib/init/entry.s            0x00000000   Number         0  entry.o ABSOLUTE
    ../clib/microlib/init/entry.s            0x00000000   Number         0  entry9a.o ABSOLUTE
    ../clib/microlib/init/entry.s            0x00000000   Number         0  entry11a.o ABSOLUTE
    ../clib/microlib/init/entry.s            0x00000000   Number         0  entry9b.o ABSOLUTE
    ../clib/microlib/init/entry.s            0x00000000   Number         0  entry10a.o ABSOLUTE
    ../clib/microlib/init/entry.s            0x00000000   Number         0  entry10b.o ABSOLUTE
    ../clib/microlib/longlong.c              0x00000000   Number         0  llsshr.o ABSOLUTE
    ../clib/microlib/longlong.c              0x00000000   Number         0  llushr.o ABSOLUTE
    ../clib/microlib/longlong.c              0x00000000   Number         0  llshl.o ABSOLUTE
    ../clib/microlib/printf/printf.c         0x00000000   Number         0  printf0.o ABSOLUTE
    ../clib/microlib/printf/printf.c         0x00000000   Number         0  printfb.o ABSOLUTE
    ../clib/microlib/printf/printf.c         0x00000000   Number         0  printfa.o ABSOLUTE
    ../clib/microlib/printf/printf.c         0x00000000   Number         0  printf8.o ABSOLUTE
    ../clib/microlib/printf/printf.c         0x00000000   Number         0  printf7.o ABSOLUTE
    ../clib/microlib/printf/printf.c         0x00000000   Number         0  printf6.o ABSOLUTE
    ../clib/microlib/printf/printf.c         0x00000000   Number         0  printf5.o ABSOLUTE
    ../clib/microlib/printf/printf.c         0x00000000   Number         0  printf4.o ABSOLUTE
    ../clib/microlib/printf/printf.c         0x00000000   Number         0  printf3.o ABSOLUTE
    ../clib/microlib/printf/printf.c         0x00000000   Number         0  printf2.o ABSOLUTE
    ../clib/microlib/printf/printf.c         0x00000000   Number         0  printf1.o ABSOLUTE
    ../clib/microlib/printf/stubs.s          0x00000000   Number         0  stubs.o ABSOLUTE
    ../clib/microlib/stubs.s                 0x00000000   Number         0  useno.o ABSOLUTE
    ../clib/microlib/stubs.s                 0x00000000   Number         0  iusefp.o ABSOLUTE
    ../fplib/microlib/d2f.c                  0x00000000   Number         0  d2f.o ABSOLUTE
    ../fplib/microlib/f2d.c                  0x00000000   Number         0  f2d.o ABSOLUTE
    ../fplib/microlib/fpadd.c                0x00000000   Number         0  dadd.o ABSOLUTE
    ../fplib/microlib/fpadd.c                0x00000000   Number         0  fadd.o ABSOLUTE
    ../fplib/microlib/fpdiv.c                0x00000000   Number         0  ddiv.o ABSOLUTE
    ../fplib/microlib/fpdiv.c                0x00000000   Number         0  fdiv.o ABSOLUTE
    ../fplib/microlib/fpepilogue.c           0x00000000   Number         0  fepilogue.o ABSOLUTE
    ../fplib/microlib/fpepilogue.c           0x00000000   Number         0  depilogue.o ABSOLUTE
    ../fplib/microlib/fpfix.c                0x00000000   Number         0  ffixi.o ABSOLUTE
    ../fplib/microlib/fpfix.c                0x00000000   Number         0  dfixul.o ABSOLUTE
    ../fplib/microlib/fpfix.c                0x00000000   Number         0  ffixui.o ABSOLUTE
    ../fplib/microlib/fpfix.c                0x00000000   Number         0  dfixi.o ABSOLUTE
    ../fplib/microlib/fpflt.c                0x00000000   Number         0  dfltui.o ABSOLUTE
    ../fplib/microlib/fpflt.c                0x00000000   Number         0  dflti.o ABSOLUTE
    ../fplib/microlib/fpflt.c                0x00000000   Number         0  ffltui.o ABSOLUTE
    ../fplib/microlib/fpflt.c                0x00000000   Number         0  fflti.o ABSOLUTE
    ../fplib/microlib/fpmul.c                0x00000000   Number         0  dmul.o ABSOLUTE
    ../fplib/microlib/fpmul.c                0x00000000   Number         0  fmul.o ABSOLUTE
    ../fplib/microlib/fpscalb.c              0x00000000   Number         0  dscalb.o ABSOLUTE
    ../fplib/microlib/fpsqrt.c               0x00000000   Number         0  dsqrt.o ABSOLUTE
    ../mathlib/atan.c                        0x00000000   Number         0  atan_x.o ABSOLUTE
    ../mathlib/atan.c                        0x00000000   Number         0  atan.o ABSOLUTE
    ../mathlib/atan2.c                       0x00000000   Number         0  atan2.o ABSOLUTE
    ../mathlib/atan2.c                       0x00000000   Number         0  atan2_x.o ABSOLUTE
    ../mathlib/dunder.c                      0x00000000   Number         0  dunder.o ABSOLUTE
    ../mathlib/fpclassify.c                  0x00000000   Number         0  fpclassify.o ABSOLUTE
    ../mathlib/poly.c                        0x00000000   Number         0  poly.o ABSOLUTE
    ../mathlib/pow.c                         0x00000000   Number         0  pow.o ABSOLUTE
    ../mathlib/pow.c                         0x00000000   Number         0  pow_x.o ABSOLUTE
    ../mathlib/qnan.c                        0x00000000   Number         0  qnan.o ABSOLUTE
    ../mathlib/sqrt.c                        0x00000000   Number         0  sqrt_x.o ABSOLUTE
    ../mathlib/sqrt.c                        0x00000000   Number         0  sqrt.o ABSOLUTE
    ..\ML_LIBS\ml_adc.c                      0x00000000   Number         0  ml_adc.o ABSOLUTE
    ..\ML_LIBS\ml_delay.c                    0x00000000   Number         0  ml_delay.o ABSOLUTE
    ..\ML_LIBS\ml_exti.c                     0x00000000   Number         0  ml_exti.o ABSOLUTE
    ..\ML_LIBS\ml_gpio.c                     0x00000000   Number         0  ml_gpio.o ABSOLUTE
    ..\ML_LIBS\ml_nvic.c                     0x00000000   Number         0  ml_nvic.o ABSOLUTE
    ..\ML_LIBS\ml_pwm.c                      0x00000000   Number         0  ml_pwm.o ABSOLUTE
    ..\ML_LIBS\ml_tim.c                      0x00000000   Number         0  ml_tim.o ABSOLUTE
    ..\ML_LIBS\ml_uart.c                     0x00000000   Number         0  ml_uart.o ABSOLUTE
    ..\code\filter.c                         0x00000000   Number         0  filter.o ABSOLUTE
    ..\code\gray_track.c                     0x00000000   Number         0  gray_track.o ABSOLUTE
    ..\code\motor.c                          0x00000000   Number         0  motor.o ABSOLUTE
    ..\code\pid.c                            0x00000000   Number         0  pid.o ABSOLUTE
    ..\ml_libs\ml_hmc5883l.c                 0x00000000   Number         0  ml_hmc5883l.o ABSOLUTE
    ..\ml_libs\ml_i2c.c                      0x00000000   Number         0  ml_i2c.o ABSOLUTE
    ..\ml_libs\ml_mpu6050.c                  0x00000000   Number         0  ml_mpu6050.o ABSOLUTE
    ..\ml_libs\ml_oled.c                     0x00000000   Number         0  ml_oled.o ABSOLUTE
    ..\ml_libs\stm32f10x_rcc.c               0x00000000   Number         0  stm32f10x_rcc.o ABSOLUTE
    ..\ml_libs\stm32f10x_tim.c               0x00000000   Number         0  stm32f10x_tim.o ABSOLUTE
    ..\ml_libs\sy_hcsr04.c                   0x00000000   Number         0  sy_hcsr04.o ABSOLUTE
    ..\sys\startup_stm32f10x_md.s            0x00000000   Number         0  startup_stm32f10x_md.o ABSOLUTE
    ..\sys\system_stm32f10x.c                0x00000000   Number         0  system_stm32f10x.o ABSOLUTE
    cdcmple.s                                0x00000000   Number         0  cdcmple.o ABSOLUTE
    cdrcmple.s                               0x00000000   Number         0  cdrcmple.o ABSOLUTE
    cfcmple.s                                0x00000000   Number         0  cfcmple.o ABSOLUTE
    cfrcmple.s                               0x00000000   Number         0  cfrcmple.o ABSOLUTE
    dc.s                                     0x00000000   Number         0  dc.o ABSOLUTE
    handlers.s                               0x00000000   Number         0  handlers.o ABSOLUTE
    init.s                                   0x00000000   Number         0  init.o ABSOLUTE
    isr.c                                    0x00000000   Number         0  isr.o ABSOLUTE
    main.c                                   0x00000000   Number         0  main.o ABSOLUTE
    RESET                                    0x08000000   Section      236  startup_stm32f10x_md.o(RESET)
    .ARM.Collect$$$$00000000                 0x080000ec   Section        0  entry.o(.ARM.Collect$$$$00000000)
    .ARM.Collect$$$$00000001                 0x080000ec   Section        4  entry2.o(.ARM.Collect$$$$00000001)
    .ARM.Collect$$$$00000004                 0x080000f0   Section        4  entry5.o(.ARM.Collect$$$$00000004)
    .ARM.Collect$$$$00000008                 0x080000f4   Section        0  entry7b.o(.ARM.Collect$$$$00000008)
    .ARM.Collect$$$$0000000A                 0x080000f4   Section        0  entry8b.o(.ARM.Collect$$$$0000000A)
    .ARM.Collect$$$$0000000B                 0x080000f4   Section        8  entry9a.o(.ARM.Collect$$$$0000000B)
    .ARM.Collect$$$$0000000D                 0x080000fc   Section        0  entry10a.o(.ARM.Collect$$$$0000000D)
    .ARM.Collect$$$$0000000F                 0x080000fc   Section        0  entry11a.o(.ARM.Collect$$$$0000000F)
    .ARM.Collect$$$$00002712                 0x080000fc   Section        4  entry2.o(.ARM.Collect$$$$00002712)
    __lit__00000000                          0x080000fc   Data           4  entry2.o(.ARM.Collect$$$$00002712)
    .text                                    0x08000100   Section       36  startup_stm32f10x_md.o(.text)
    .text                                    0x08000124   Section        0  fadd.o(.text)
    .text                                    0x080001d4   Section        0  fmul.o(.text)
    .text                                    0x08000238   Section        0  fdiv.o(.text)
    .text                                    0x080002b4   Section        0  dadd.o(.text)
    .text                                    0x08000402   Section        0  dmul.o(.text)
    .text                                    0x080004e6   Section        0  ddiv.o(.text)
    .text                                    0x080005c4   Section        0  fflti.o(.text)
    .text                                    0x080005d6   Section        0  ffltui.o(.text)
    .text                                    0x080005e0   Section        0  dflti.o(.text)
    .text                                    0x08000602   Section        0  dfltui.o(.text)
    .text                                    0x0800061c   Section        0  ffixi.o(.text)
    .text                                    0x0800064e   Section        0  ffixui.o(.text)
    .text                                    0x08000676   Section        0  f2d.o(.text)
    .text                                    0x0800069c   Section        0  d2f.o(.text)
    .text                                    0x080006d4   Section       20  cfcmple.o(.text)
    .text                                    0x080006e8   Section       20  cfrcmple.o(.text)
    .text                                    0x080006fc   Section        0  uidiv.o(.text)
    .text                                    0x08000728   Section        0  llshl.o(.text)
    .text                                    0x08000746   Section        0  llushr.o(.text)
    .text                                    0x08000766   Section        0  llsshr.o(.text)
    .text                                    0x0800078a   Section        0  fepilogue.o(.text)
    .text                                    0x0800078a   Section        0  iusefp.o(.text)
    .text                                    0x080007f8   Section        0  depilogue.o(.text)
    .text                                    0x080008b2   Section        0  dscalb.o(.text)
    .text                                    0x080008e0   Section       36  init.o(.text)
    .text                                    0x08000904   Section        0  __dczerorl2.o(.text)
    i.EXTI0_IRQHandler                       0x0800095c   Section        0  isr.o(i.EXTI0_IRQHandler)
    i.EXTI1_IRQHandler                       0x08000974   Section        0  isr.o(i.EXTI1_IRQHandler)
    i.EXTI2_IRQHandler                       0x0800098c   Section        0  isr.o(i.EXTI2_IRQHandler)
    i.EXTI3_IRQHandler                       0x080009c8   Section        0  isr.o(i.EXTI3_IRQHandler)
    i.EXTI4_IRQHandler                       0x080009e0   Section        0  isr.o(i.EXTI4_IRQHandler)
    i.EXTI9_5_IRQHandler                     0x08000a1c   Section        0  isr.o(i.EXTI9_5_IRQHandler)
    i.HMC5883L_GetData                       0x08000d64   Section        0  ml_hmc5883l.o(i.HMC5883L_GetData)
    i.HMC5883L_Read                          0x08000dc4   Section        0  ml_hmc5883l.o(i.HMC5883L_Read)
    i.I2C_NotSendAck                         0x08000e04   Section        0  ml_i2c.o(i.I2C_NotSendAck)
    i.I2C_ReceiveByte                        0x08000e26   Section        0  ml_i2c.o(i.I2C_ReceiveByte)
    i.I2C_SendByte                           0x08000e66   Section        0  ml_i2c.o(i.I2C_SendByte)
    i.I2C_Start                              0x08000ea8   Section        0  ml_i2c.o(i.I2C_Start)
    i.I2C_Stop                               0x08000ed4   Section        0  ml_i2c.o(i.I2C_Stop)
    i.I2C_WaitAck                            0x08000ef6   Section        0  ml_i2c.o(i.I2C_WaitAck)
    i.Kalman_Filter                          0x08000f26   Section        0  filter.o(i.Kalman_Filter)
    i.MPU6050_GetData                        0x08001068   Section        0  ml_mpu6050.o(i.MPU6050_GetData)
    i.MPU6050_Read                           0x08001120   Section        0  ml_mpu6050.o(i.MPU6050_Read)
    i.NVIC_Group_Config                      0x08001160   Section        0  ml_nvic.o(i.NVIC_Group_Config)
    i.NVIC_init                              0x08001188   Section        0  ml_nvic.o(i.NVIC_init)
    i.OLED_Clear                             0x080011d4   Section        0  ml_oled.o(i.OLED_Clear)
    i.OLED_I2C_Init                          0x080011fe   Section        0  ml_oled.o(i.OLED_I2C_Init)
    i.OLED_I2C_SendByte                      0x0800122a   Section        0  ml_oled.o(i.OLED_I2C_SendByte)
    i.OLED_I2C_Start                         0x08001274   Section        0  ml_oled.o(i.OLED_I2C_Start)
    i.OLED_I2C_Stop                          0x080012a0   Section        0  ml_oled.o(i.OLED_I2C_Stop)
    i.OLED_Init                              0x080012c2   Section        0  ml_oled.o(i.OLED_Init)
    i.OLED_SetCursor                         0x08001370   Section        0  ml_oled.o(i.OLED_SetCursor)
    i.OLED_WriteCommand                      0x08001392   Section        0  ml_oled.o(i.OLED_WriteCommand)
    i.OLED_WriteData                         0x080013b2   Section        0  ml_oled.o(i.OLED_WriteData)
    i.RCC_APB2PeriphClockCmd                 0x080013d4   Section        0  stm32f10x_rcc.o(i.RCC_APB2PeriphClockCmd)
    i.SetSysClock                            0x080013f4   Section        0  system_stm32f10x.o(i.SetSysClock)
    SetSysClock                              0x080013f5   Thumb Code     8  system_stm32f10x.o(i.SetSysClock)
    i.SetSysClockTo72                        0x080013fc   Section        0  system_stm32f10x.o(i.SetSysClockTo72)
    SetSysClockTo72                          0x080013fd   Thumb Code   214  system_stm32f10x.o(i.SetSysClockTo72)
    i.SystemInit                             0x080014dc   Section        0  system_stm32f10x.o(i.SystemInit)
    i.TI1_Config                             0x0800153c   Section        0  stm32f10x_tim.o(i.TI1_Config)
    TI1_Config                               0x0800153d   Thumb Code   108  stm32f10x_tim.o(i.TI1_Config)
    i.TI2_Config                             0x080015bc   Section        0  stm32f10x_tim.o(i.TI2_Config)
    TI2_Config                               0x080015bd   Thumb Code   130  stm32f10x_tim.o(i.TI2_Config)
    i.TI3_Config                             0x08001654   Section        0  stm32f10x_tim.o(i.TI3_Config)
    TI3_Config                               0x08001655   Thumb Code   122  stm32f10x_tim.o(i.TI3_Config)
    i.TI4_Config                             0x080016e4   Section        0  stm32f10x_tim.o(i.TI4_Config)
    TI4_Config                               0x080016e5   Thumb Code   130  stm32f10x_tim.o(i.TI4_Config)
    i.TIM2_IRQHandler                        0x0800177c   Section        0  isr.o(i.TIM2_IRQHandler)
    i.TIM3_IRQHandler                        0x0800179c   Section        0  isr.o(i.TIM3_IRQHandler)
    i.TIM4_IRQHandler                        0x080018f8   Section        0  isr.o(i.TIM4_IRQHandler)
    i.TIM_ClearFlag                          0x08001998   Section        0  stm32f10x_tim.o(i.TIM_ClearFlag)
    i.TIM_Cmd                                0x0800199e   Section        0  stm32f10x_tim.o(i.TIM_Cmd)
    i.TIM_GetCapture1                        0x080019b6   Section        0  stm32f10x_tim.o(i.TIM_GetCapture1)
    i.TIM_GetCapture2                        0x080019bc   Section        0  stm32f10x_tim.o(i.TIM_GetCapture2)
    i.TIM_GetFlagStatus                      0x080019c2   Section        0  stm32f10x_tim.o(i.TIM_GetFlagStatus)
    i.TIM_ICInit                             0x080019d4   Section        0  stm32f10x_tim.o(i.TIM_ICInit)
    i.TIM_SetCounter                         0x08001a80   Section        0  stm32f10x_tim.o(i.TIM_SetCounter)
    i.TIM_SetIC1Prescaler                    0x08001a84   Section        0  stm32f10x_tim.o(i.TIM_SetIC1Prescaler)
    i.TIM_SetIC2Prescaler                    0x08001a96   Section        0  stm32f10x_tim.o(i.TIM_SetIC2Prescaler)
    i.TIM_SetIC3Prescaler                    0x08001ab0   Section        0  stm32f10x_tim.o(i.TIM_SetIC3Prescaler)
    i.TIM_SetIC4Prescaler                    0x08001ac2   Section        0  stm32f10x_tim.o(i.TIM_SetIC4Prescaler)
    i.TIM_TimeBaseInit                       0x08001adc   Section        0  stm32f10x_tim.o(i.TIM_TimeBaseInit)
    i.USART1_IRQHandler                      0x08001b80   Section        0  isr.o(i.USART1_IRQHandler)
    i.USART2_IRQHandler                      0x08001b9c   Section        0  isr.o(i.USART2_IRQHandler)
    i.USART3_IRQHandler                      0x08001bb8   Section        0  isr.o(i.USART3_IRQHandler)
    i.__0printf$1                            0x08001bd4   Section        0  printf1.o(i.__0printf$1)
    i.__ARM_fpclassify                       0x08001bf4   Section        0  fpclassify.o(i.__ARM_fpclassify)
    i.__kernel_poly                          0x08001c1c   Section        0  poly.o(i.__kernel_poly)
    i.__mathlib_dbl_infnan                   0x08001cc6   Section        0  dunder.o(i.__mathlib_dbl_infnan)
    i.__mathlib_dbl_infnan2                  0x08001ccc   Section        0  dunder.o(i.__mathlib_dbl_infnan2)
    i.__mathlib_dbl_underflow                0x08001cd0   Section        0  dunder.o(i.__mathlib_dbl_underflow)
    i.__scatterload_copy                     0x08001ce0   Section       14  handlers.o(i.__scatterload_copy)
    i.__scatterload_null                     0x08001cee   Section        2  handlers.o(i.__scatterload_null)
    i.__scatterload_zeroinit                 0x08001cf0   Section       14  handlers.o(i.__scatterload_zeroinit)
    i._printf_core                           0x08001d00   Section        0  printf1.o(i._printf_core)
    _printf_core                             0x08001d01   Thumb Code   336  printf1.o(i._printf_core)
    i.atan                                   0x08001e54   Section        0  atan.o(i.atan)
    i.atan2                                  0x08002074   Section        0  atan2.o(i.atan2)
    i.delay_us                               0x080021f4   Section        0  ml_delay.o(i.delay_us)
    i.digtal                                 0x08002222   Section        0  gray_track.o(i.digtal)
    i.encoder_init                           0x080022d0   Section        0  motor.o(i.encoder_init)
    i.exti_init                              0x080022fc   Section        0  ml_exti.o(i.exti_init)
    i.exti_pin_init                          0x08002408   Section        0  ml_exti.o(i.exti_pin_init)
    i.fputc                                  0x08002550   Section        0  ml_uart.o(i.fputc)
    i.gpio_get                               0x0800256c   Section        0  ml_gpio.o(i.gpio_get)
    i.gpio_init                              0x08002590   Section        0  ml_gpio.o(i.gpio_init)
    i.gpio_set                               0x08002734   Section        0  ml_gpio.o(i.gpio_set)
    i.gray_init                              0x08002774   Section        0  gray_track.o(i.gray_init)
    i.main                                   0x080027c8   Section        0  main.o(i.main)
    i.motorA_duty                            0x08002868   Section        0  motor.o(i.motorA_duty)
    i.motorB_duty                            0x0800288c   Section        0  motor.o(i.motorB_duty)
    i.motor_init                             0x080028b0   Section        0  motor.o(i.motor_init)
    i.motor_target_set                       0x080028f4   Section        0  pid.o(i.motor_target_set)
    i.out_init                               0x08002958   Section        0  main.o(i.out_init)
    i.pid_cal                                0x08002984   Section        0  pid.o(i.pid_cal)
    i.pid_control                            0x08002a48   Section        0  pid.o(i.pid_control)
    i.pid_init                               0x08002b00   Section        0  pid.o(i.pid_init)
    i.pidout_limit                           0x08002b10   Section        0  pid.o(i.pidout_limit)
    i.pwm_init                               0x08002b38   Section        0  ml_pwm.o(i.pwm_init)
    i.pwm_pin_init                           0x08002ca8   Section        0  ml_pwm.o(i.pwm_pin_init)
    i.pwm_update                             0x08002d54   Section        0  ml_pwm.o(i.pwm_update)
    i.sy_hcsr04_cm                           0x08002e68   Section        0  sy_hcsr04.o(i.sy_hcsr04_cm)
    i.sy_hcsr04_init                         0x08002f54   Section        0  sy_hcsr04.o(i.sy_hcsr04_init)
    i.tim_interrupt_ms_init                  0x08002fe4   Section        0  ml_tim.o(i.tim_interrupt_ms_init)
    i.track                                  0x08003054   Section        0  gray_track.o(i.track)
    i.uart_baud_config                       0x08003300   Section        0  ml_uart.o(i.uart_baud_config)
    i.uart_init                              0x080033a0   Section        0  ml_uart.o(i.uart_init)
    i.uart_pin_init                          0x08003404   Section        0  ml_uart.o(i.uart_pin_init)
    .constdata                               0x08003460   Section      152  atan.o(.constdata)
    atanhi                                   0x08003460   Data          32  atan.o(.constdata)
    atanlo                                   0x08003480   Data          32  atan.o(.constdata)
    aTodd                                    0x080034a0   Data          40  atan.o(.constdata)
    aTeven                                   0x080034c8   Data          48  atan.o(.constdata)
    .constdata                               0x080034f8   Section        8  qnan.o(.constdata)
    .data                                    0x20000000   Section       32  isr.o(.data)
    bz_t                                     0x20000008   Data           4  isr.o(.data)
    .data                                    0x20000020   Section       16  motor.o(.data)
    .data                                    0x20000030   Section        8  gray_track.o(.data)
    .data                                    0x20000038   Section      144  filter.o(.data)
    .data                                    0x200000c8   Section       12  ml_gpio.o(.data)
    .data                                    0x200000d4   Section       12  ml_tim.o(.data)
    .data                                    0x200000e0   Section       16  ml_uart.o(.data)
    .data                                    0x200000f0   Section       48  ml_mpu6050.o(.data)
    .data                                    0x20000120   Section       12  ml_hmc5883l.o(.data)
    .data                                    0x2000012c   Section        8  sy_hcsr04.o(.data)
    .bss                                     0x20000134   Section      156  pid.o(.bss)
    STACK                                    0x200001d0   Section     1024  startup_stm32f10x_md.o(STACK)

    Global Symbols

    Symbol Name                              Value     Ov Type        Size  Object(Section)

    BuildAttributes$$THM_ISAv4$P$D$K$B$S$PE$A:L22UL41UL21$X:L11$S22US41US21$IEEE1$IW$USESV6$~STKCKD$USESV7$~SHL$OTIME$ROPI$IEEEX$EBA8$MICROLIB$REQ8$PRES8$EABIv2 0x00000000   Number         0  anon$$obj.o ABSOLUTE
    __ARM_use_no_argv                        0x00000000   Number         0  main.o ABSOLUTE
    __use_no_errno                           0x00000000   Number         0  useno.o ABSOLUTE
    __use_no_exception_handling              0x00000000   Number         0  useno.o ABSOLUTE
    __use_no_fp                              0x00000000   Number         0  useno.o ABSOLUTE
    __use_no_heap                            0x00000000   Number         0  useno.o ABSOLUTE
    __use_no_heap_region                     0x00000000   Number         0  useno.o ABSOLUTE
    __use_no_semihosting                     0x00000000   Number         0  useno.o ABSOLUTE
    __use_no_semihosting_swi                 0x00000000   Number         0  useno.o ABSOLUTE
    __use_no_signal_handling                 0x00000000   Number         0  useno.o ABSOLUTE
    _printf_a                                0x00000000   Number         0  stubs.o ABSOLUTE
    _printf_c                                0x00000000   Number         0  stubs.o ABSOLUTE
    _printf_charcount                        0x00000000   Number         0  stubs.o ABSOLUTE
    _printf_d                                0x00000000   Number         0  stubs.o ABSOLUTE
    _printf_e                                0x00000000   Number         0  stubs.o ABSOLUTE
    _printf_f                                0x00000000   Number         0  stubs.o ABSOLUTE
    _printf_flags                            0x00000000   Number         0  stubs.o ABSOLUTE
    _printf_fp_dec                           0x00000000   Number         0  stubs.o ABSOLUTE
    _printf_fp_hex                           0x00000000   Number         0  stubs.o ABSOLUTE
    _printf_g                                0x00000000   Number         0  stubs.o ABSOLUTE
    _printf_i                                0x00000000   Number         0  stubs.o ABSOLUTE
    _printf_int_dec                          0x00000000   Number         0  stubs.o ABSOLUTE
    _printf_l                                0x00000000   Number         0  stubs.o ABSOLUTE
    _printf_lc                               0x00000000   Number         0  stubs.o ABSOLUTE
    _printf_ll                               0x00000000   Number         0  stubs.o ABSOLUTE
    _printf_lld                              0x00000000   Number         0  stubs.o ABSOLUTE
    _printf_lli                              0x00000000   Number         0  stubs.o ABSOLUTE
    _printf_llo                              0x00000000   Number         0  stubs.o ABSOLUTE
    _printf_llu                              0x00000000   Number         0  stubs.o ABSOLUTE
    _printf_llx                              0x00000000   Number         0  stubs.o ABSOLUTE
    _printf_longlong_dec                     0x00000000   Number         0  stubs.o ABSOLUTE
    _printf_longlong_hex                     0x00000000   Number         0  stubs.o ABSOLUTE
    _printf_longlong_oct                     0x00000000   Number         0  stubs.o ABSOLUTE
    _printf_ls                               0x00000000   Number         0  stubs.o ABSOLUTE
    _printf_mbtowc                           0x00000000   Number         0  stubs.o ABSOLUTE
    _printf_n                                0x00000000   Number         0  stubs.o ABSOLUTE
    _printf_o                                0x00000000   Number         0  stubs.o ABSOLUTE
    _printf_p                                0x00000000   Number         0  stubs.o ABSOLUTE
    _printf_percent                          0x00000000   Number         0  stubs.o ABSOLUTE
    _printf_pre_padding                      0x00000000   Number         0  stubs.o ABSOLUTE
    _printf_return_value                     0x00000000   Number         0  stubs.o ABSOLUTE
    _printf_s                                0x00000000   Number         0  stubs.o ABSOLUTE
    _printf_sizespec                         0x00000000   Number         0  stubs.o ABSOLUTE
    _printf_str                              0x00000000   Number         0  stubs.o ABSOLUTE
    _printf_truncate_signed                  0x00000000   Number         0  stubs.o ABSOLUTE
    _printf_truncate_unsigned                0x00000000   Number         0  stubs.o ABSOLUTE
    _printf_u                                0x00000000   Number         0  stubs.o ABSOLUTE
    _printf_wc                               0x00000000   Number         0  stubs.o ABSOLUTE
    _printf_wctomb                           0x00000000   Number         0  stubs.o ABSOLUTE
    _printf_widthprec                        0x00000000   Number         0  stubs.o ABSOLUTE
    _printf_x                                0x00000000   Number         0  stubs.o ABSOLUTE
    __cpp_initialize__aeabi_                  - Undefined Weak Reference
    __cxa_finalize                            - Undefined Weak Reference
    _clock_init                               - Undefined Weak Reference
    _microlib_exit                            - Undefined Weak Reference
    __Vectors_Size                           0x000000ec   Number         0  startup_stm32f10x_md.o ABSOLUTE
    __Vectors                                0x08000000   Data           4  startup_stm32f10x_md.o(RESET)
    __Vectors_End                            0x080000ec   Data           0  startup_stm32f10x_md.o(RESET)
    __main                                   0x080000ed   Thumb Code     0  entry.o(.ARM.Collect$$$$00000000)
    _main_stk                                0x080000ed   Thumb Code     0  entry2.o(.ARM.Collect$$$$00000001)
    _main_scatterload                        0x080000f1   Thumb Code     0  entry5.o(.ARM.Collect$$$$00000004)
    __main_after_scatterload                 0x080000f5   Thumb Code     0  entry5.o(.ARM.Collect$$$$00000004)
    _main_clock                              0x080000f5   Thumb Code     0  entry7b.o(.ARM.Collect$$$$00000008)
    _main_cpp_init                           0x080000f5   Thumb Code     0  entry8b.o(.ARM.Collect$$$$0000000A)
    _main_init                               0x080000f5   Thumb Code     0  entry9a.o(.ARM.Collect$$$$0000000B)
    __rt_final_cpp                           0x080000fd   Thumb Code     0  entry10a.o(.ARM.Collect$$$$0000000D)
    __rt_final_exit                          0x080000fd   Thumb Code     0  entry11a.o(.ARM.Collect$$$$0000000F)
    Reset_Handler                            0x08000101   Thumb Code     8  startup_stm32f10x_md.o(.text)
    NMI_Handler                              0x08000109   Thumb Code     2  startup_stm32f10x_md.o(.text)
    HardFault_Handler                        0x0800010b   Thumb Code     2  startup_stm32f10x_md.o(.text)
    MemManage_Handler                        0x0800010d   Thumb Code     2  startup_stm32f10x_md.o(.text)
    BusFault_Handler                         0x0800010f   Thumb Code     2  startup_stm32f10x_md.o(.text)
    UsageFault_Handler                       0x08000111   Thumb Code     2  startup_stm32f10x_md.o(.text)
    SVC_Handler                              0x08000113   Thumb Code     2  startup_stm32f10x_md.o(.text)
    DebugMon_Handler                         0x08000115   Thumb Code     2  startup_stm32f10x_md.o(.text)
    PendSV_Handler                           0x08000117   Thumb Code     2  startup_stm32f10x_md.o(.text)
    SysTick_Handler                          0x08000119   Thumb Code     2  startup_stm32f10x_md.o(.text)
    ADC1_2_IRQHandler                        0x0800011b   Thumb Code     0  startup_stm32f10x_md.o(.text)
    CAN1_RX1_IRQHandler                      0x0800011b   Thumb Code     0  startup_stm32f10x_md.o(.text)
    CAN1_SCE_IRQHandler                      0x0800011b   Thumb Code     0  startup_stm32f10x_md.o(.text)
    DMA1_Channel1_IRQHandler                 0x0800011b   Thumb Code     0  startup_stm32f10x_md.o(.text)
    DMA1_Channel2_IRQHandler                 0x0800011b   Thumb Code     0  startup_stm32f10x_md.o(.text)
    DMA1_Channel3_IRQHandler                 0x0800011b   Thumb Code     0  startup_stm32f10x_md.o(.text)
    DMA1_Channel4_IRQHandler                 0x0800011b   Thumb Code     0  startup_stm32f10x_md.o(.text)
    DMA1_Channel5_IRQHandler                 0x0800011b   Thumb Code     0  startup_stm32f10x_md.o(.text)
    DMA1_Channel6_IRQHandler                 0x0800011b   Thumb Code     0  startup_stm32f10x_md.o(.text)
    DMA1_Channel7_IRQHandler                 0x0800011b   Thumb Code     0  startup_stm32f10x_md.o(.text)
    EXTI15_10_IRQHandler                     0x0800011b   Thumb Code     0  startup_stm32f10x_md.o(.text)
    FLASH_IRQHandler                         0x0800011b   Thumb Code     0  startup_stm32f10x_md.o(.text)
    I2C1_ER_IRQHandler                       0x0800011b   Thumb Code     0  startup_stm32f10x_md.o(.text)
    I2C1_EV_IRQHandler                       0x0800011b   Thumb Code     0  startup_stm32f10x_md.o(.text)
    I2C2_ER_IRQHandler                       0x0800011b   Thumb Code     0  startup_stm32f10x_md.o(.text)
    I2C2_EV_IRQHandler                       0x0800011b   Thumb Code     0  startup_stm32f10x_md.o(.text)
    PVD_IRQHandler                           0x0800011b   Thumb Code     0  startup_stm32f10x_md.o(.text)
    RCC_IRQHandler                           0x0800011b   Thumb Code     0  startup_stm32f10x_md.o(.text)
    RTCAlarm_IRQHandler                      0x0800011b   Thumb Code     0  startup_stm32f10x_md.o(.text)
    RTC_IRQHandler                           0x0800011b   Thumb Code     0  startup_stm32f10x_md.o(.text)
    SPI1_IRQHandler                          0x0800011b   Thumb Code     0  startup_stm32f10x_md.o(.text)
    SPI2_IRQHandler                          0x0800011b   Thumb Code     0  startup_stm32f10x_md.o(.text)
    TAMPER_IRQHandler                        0x0800011b   Thumb Code     0  startup_stm32f10x_md.o(.text)
    TIM1_BRK_IRQHandler                      0x0800011b   Thumb Code     0  startup_stm32f10x_md.o(.text)
    TIM1_CC_IRQHandler                       0x0800011b   Thumb Code     0  startup_stm32f10x_md.o(.text)
    TIM1_TRG_COM_IRQHandler                  0x0800011b   Thumb Code     0  startup_stm32f10x_md.o(.text)
    TIM1_UP_IRQHandler                       0x0800011b   Thumb Code     0  startup_stm32f10x_md.o(.text)
    USBWakeUp_IRQHandler                     0x0800011b   Thumb Code     0  startup_stm32f10x_md.o(.text)
    USB_HP_CAN1_TX_IRQHandler                0x0800011b   Thumb Code     0  startup_stm32f10x_md.o(.text)
    USB_LP_CAN1_RX0_IRQHandler               0x0800011b   Thumb Code     0  startup_stm32f10x_md.o(.text)
    WWDG_IRQHandler                          0x0800011b   Thumb Code     0  startup_stm32f10x_md.o(.text)
    __aeabi_fadd                             0x08000125   Thumb Code   164  fadd.o(.text)
    __aeabi_fsub                             0x080001c9   Thumb Code     6  fadd.o(.text)
    __aeabi_frsub                            0x080001cf   Thumb Code     6  fadd.o(.text)
    __aeabi_fmul                             0x080001d5   Thumb Code   100  fmul.o(.text)
    __aeabi_fdiv                             0x08000239   Thumb Code   124  fdiv.o(.text)
    __aeabi_dadd                             0x080002b5   Thumb Code   322  dadd.o(.text)
    __aeabi_dsub                             0x080003f7   Thumb Code     6  dadd.o(.text)
    __aeabi_drsub                            0x080003fd   Thumb Code     6  dadd.o(.text)
    __aeabi_dmul                             0x08000403   Thumb Code   228  dmul.o(.text)
    __aeabi_ddiv                             0x080004e7   Thumb Code   222  ddiv.o(.text)
    __aeabi_i2f                              0x080005c5   Thumb Code    18  fflti.o(.text)
    __aeabi_ui2f                             0x080005d7   Thumb Code    10  ffltui.o(.text)
    __aeabi_i2d                              0x080005e1   Thumb Code    34  dflti.o(.text)
    __aeabi_ui2d                             0x08000603   Thumb Code    26  dfltui.o(.text)
    __aeabi_f2iz                             0x0800061d   Thumb Code    50  ffixi.o(.text)
    __aeabi_f2uiz                            0x0800064f   Thumb Code    40  ffixui.o(.text)
    __aeabi_f2d                              0x08000677   Thumb Code    38  f2d.o(.text)
    __aeabi_d2f                              0x0800069d   Thumb Code    56  d2f.o(.text)
    __aeabi_cfcmpeq                          0x080006d5   Thumb Code     0  cfcmple.o(.text)
    __aeabi_cfcmple                          0x080006d5   Thumb Code    20  cfcmple.o(.text)
    __aeabi_cfrcmple                         0x080006e9   Thumb Code    20  cfrcmple.o(.text)
    __aeabi_uidiv                            0x080006fd   Thumb Code     0  uidiv.o(.text)
    __aeabi_uidivmod                         0x080006fd   Thumb Code    44  uidiv.o(.text)
    __aeabi_llsl                             0x08000729   Thumb Code    30  llshl.o(.text)
    _ll_shift_l                              0x08000729   Thumb Code     0  llshl.o(.text)
    __aeabi_llsr                             0x08000747   Thumb Code    32  llushr.o(.text)
    _ll_ushift_r                             0x08000747   Thumb Code     0  llushr.o(.text)
    __aeabi_lasr                             0x08000767   Thumb Code    36  llsshr.o(.text)
    _ll_sshift_r                             0x08000767   Thumb Code     0  llsshr.o(.text)
    __I$use$fp                               0x0800078b   Thumb Code     0  iusefp.o(.text)
    _float_round                             0x0800078b   Thumb Code    18  fepilogue.o(.text)
    _float_epilogue                          0x0800079d   Thumb Code    92  fepilogue.o(.text)
    _double_round                            0x080007f9   Thumb Code    30  depilogue.o(.text)
    _double_epilogue                         0x08000817   Thumb Code   156  depilogue.o(.text)
    __ARM_scalbn                             0x080008b3   Thumb Code    46  dscalb.o(.text)
    scalbn                                   0x080008b3   Thumb Code     0  dscalb.o(.text)
    __scatterload                            0x080008e1   Thumb Code    28  init.o(.text)
    __scatterload_rt2                        0x080008e1   Thumb Code     0  init.o(.text)
    __decompress                             0x08000905   Thumb Code     0  __dczerorl2.o(.text)
    __decompress1                            0x08000905   Thumb Code    86  __dczerorl2.o(.text)
    EXTI0_IRQHandler                         0x0800095d   Thumb Code    18  isr.o(i.EXTI0_IRQHandler)
    EXTI1_IRQHandler                         0x08000975   Thumb Code    18  isr.o(i.EXTI1_IRQHandler)
    EXTI2_IRQHandler                         0x0800098d   Thumb Code    52  isr.o(i.EXTI2_IRQHandler)
    EXTI3_IRQHandler                         0x080009c9   Thumb Code    18  isr.o(i.EXTI3_IRQHandler)
    EXTI4_IRQHandler                         0x080009e1   Thumb Code    52  isr.o(i.EXTI4_IRQHandler)
    EXTI9_5_IRQHandler                       0x08000a1d   Thumb Code   732  isr.o(i.EXTI9_5_IRQHandler)
    HMC5883L_GetData                         0x08000d65   Thumb Code    82  ml_hmc5883l.o(i.HMC5883L_GetData)
    HMC5883L_Read                            0x08000dc5   Thumb Code    64  ml_hmc5883l.o(i.HMC5883L_Read)
    I2C_NotSendAck                           0x08000e05   Thumb Code    34  ml_i2c.o(i.I2C_NotSendAck)
    I2C_ReceiveByte                          0x08000e27   Thumb Code    64  ml_i2c.o(i.I2C_ReceiveByte)
    I2C_SendByte                             0x08000e67   Thumb Code    66  ml_i2c.o(i.I2C_SendByte)
    I2C_Start                                0x08000ea9   Thumb Code    44  ml_i2c.o(i.I2C_Start)
    I2C_Stop                                 0x08000ed5   Thumb Code    34  ml_i2c.o(i.I2C_Stop)
    I2C_WaitAck                              0x08000ef7   Thumb Code    48  ml_i2c.o(i.I2C_WaitAck)
    Kalman_Filter                            0x08000f27   Thumb Code   320  filter.o(i.Kalman_Filter)
    MPU6050_GetData                          0x08001069   Thumb Code   160  ml_mpu6050.o(i.MPU6050_GetData)
    MPU6050_Read                             0x08001121   Thumb Code    64  ml_mpu6050.o(i.MPU6050_Read)
    NVIC_Group_Config                        0x08001161   Thumb Code    30  ml_nvic.o(i.NVIC_Group_Config)
    NVIC_init                                0x08001189   Thumb Code    70  ml_nvic.o(i.NVIC_init)
    OLED_Clear                               0x080011d5   Thumb Code    42  ml_oled.o(i.OLED_Clear)
    OLED_I2C_Init                            0x080011ff   Thumb Code    44  ml_oled.o(i.OLED_I2C_Init)
    OLED_I2C_SendByte                        0x0800122b   Thumb Code    74  ml_oled.o(i.OLED_I2C_SendByte)
    OLED_I2C_Start                           0x08001275   Thumb Code    44  ml_oled.o(i.OLED_I2C_Start)
    OLED_I2C_Stop                            0x080012a1   Thumb Code    34  ml_oled.o(i.OLED_I2C_Stop)
    OLED_Init                                0x080012c3   Thumb Code   174  ml_oled.o(i.OLED_Init)
    OLED_SetCursor                           0x08001371   Thumb Code    34  ml_oled.o(i.OLED_SetCursor)
    OLED_WriteCommand                        0x08001393   Thumb Code    32  ml_oled.o(i.OLED_WriteCommand)
    OLED_WriteData                           0x080013b3   Thumb Code    32  ml_oled.o(i.OLED_WriteData)
    RCC_APB2PeriphClockCmd                   0x080013d5   Thumb Code    26  stm32f10x_rcc.o(i.RCC_APB2PeriphClockCmd)
    SystemInit                               0x080014dd   Thumb Code    78  system_stm32f10x.o(i.SystemInit)
    TIM2_IRQHandler                          0x0800177d   Thumb Code    30  isr.o(i.TIM2_IRQHandler)
    TIM3_IRQHandler                          0x0800179d   Thumb Code   322  isr.o(i.TIM3_IRQHandler)
    TIM4_IRQHandler                          0x080018f9   Thumb Code   102  isr.o(i.TIM4_IRQHandler)
    TIM_ClearFlag                            0x08001999   Thumb Code     6  stm32f10x_tim.o(i.TIM_ClearFlag)
    TIM_Cmd                                  0x0800199f   Thumb Code    24  stm32f10x_tim.o(i.TIM_Cmd)
    TIM_GetCapture1                          0x080019b7   Thumb Code     6  stm32f10x_tim.o(i.TIM_GetCapture1)
    TIM_GetCapture2                          0x080019bd   Thumb Code     6  stm32f10x_tim.o(i.TIM_GetCapture2)
    TIM_GetFlagStatus                        0x080019c3   Thumb Code    18  stm32f10x_tim.o(i.TIM_GetFlagStatus)
    TIM_ICInit                               0x080019d5   Thumb Code   150  stm32f10x_tim.o(i.TIM_ICInit)
    TIM_SetCounter                           0x08001a81   Thumb Code     4  stm32f10x_tim.o(i.TIM_SetCounter)
    TIM_SetIC1Prescaler                      0x08001a85   Thumb Code    18  stm32f10x_tim.o(i.TIM_SetIC1Prescaler)
    TIM_SetIC2Prescaler                      0x08001a97   Thumb Code    26  stm32f10x_tim.o(i.TIM_SetIC2Prescaler)
    TIM_SetIC3Prescaler                      0x08001ab1   Thumb Code    18  stm32f10x_tim.o(i.TIM_SetIC3Prescaler)
    TIM_SetIC4Prescaler                      0x08001ac3   Thumb Code    26  stm32f10x_tim.o(i.TIM_SetIC4Prescaler)
    TIM_TimeBaseInit                         0x08001add   Thumb Code   122  stm32f10x_tim.o(i.TIM_TimeBaseInit)
    USART1_IRQHandler                        0x08001b81   Thumb Code    24  isr.o(i.USART1_IRQHandler)
    USART2_IRQHandler                        0x08001b9d   Thumb Code    24  isr.o(i.USART2_IRQHandler)
    USART3_IRQHandler                        0x08001bb9   Thumb Code    24  isr.o(i.USART3_IRQHandler)
    __0printf$1                              0x08001bd5   Thumb Code    22  printf1.o(i.__0printf$1)
    __1printf$1                              0x08001bd5   Thumb Code     0  printf1.o(i.__0printf$1)
    __2printf                                0x08001bd5   Thumb Code     0  printf1.o(i.__0printf$1)
    __ARM_fpclassify                         0x08001bf5   Thumb Code    40  fpclassify.o(i.__ARM_fpclassify)
    __kernel_poly                            0x08001c1d   Thumb Code   170  poly.o(i.__kernel_poly)
    __mathlib_dbl_infnan                     0x08001cc7   Thumb Code     6  dunder.o(i.__mathlib_dbl_infnan)
    __mathlib_dbl_infnan2                    0x08001ccd   Thumb Code     4  dunder.o(i.__mathlib_dbl_infnan2)
    __mathlib_dbl_underflow                  0x08001cd1   Thumb Code    10  dunder.o(i.__mathlib_dbl_underflow)
    __scatterload_copy                       0x08001ce1   Thumb Code    14  handlers.o(i.__scatterload_copy)
    __scatterload_null                       0x08001cef   Thumb Code     2  handlers.o(i.__scatterload_null)
    __scatterload_zeroinit                   0x08001cf1   Thumb Code    14  handlers.o(i.__scatterload_zeroinit)
    atan                                     0x08001e55   Thumb Code   474  atan.o(i.atan)
    atan2                                    0x08002075   Thumb Code   346  atan2.o(i.atan2)
    delay_us                                 0x080021f5   Thumb Code    46  ml_delay.o(i.delay_us)
    digtal                                   0x08002223   Thumb Code   174  gray_track.o(i.digtal)
    encoder_init                             0x080022d1   Thumb Code    44  motor.o(i.encoder_init)
    exti_init                                0x080022fd   Thumb Code   254  ml_exti.o(i.exti_init)
    exti_pin_init                            0x08002409   Thumb Code   328  ml_exti.o(i.exti_pin_init)
    fputc                                    0x08002551   Thumb Code    24  ml_uart.o(i.fputc)
    gpio_get                                 0x0800256d   Thumb Code    30  ml_gpio.o(i.gpio_get)
    gpio_init                                0x08002591   Thumb Code   408  ml_gpio.o(i.gpio_init)
    gpio_set                                 0x08002735   Thumb Code    60  ml_gpio.o(i.gpio_set)
    gray_init                                0x08002775   Thumb Code    84  gray_track.o(i.gray_init)
    main                                     0x080027c9   Thumb Code   124  main.o(i.main)
    motorA_duty                              0x08002869   Thumb Code    36  motor.o(i.motorA_duty)
    motorB_duty                              0x0800288d   Thumb Code    36  motor.o(i.motorB_duty)
    motor_init                               0x080028b1   Thumb Code    68  motor.o(i.motor_init)
    motor_target_set                         0x080028f5   Thumb Code    84  pid.o(i.motor_target_set)
    out_init                                 0x08002959   Thumb Code    44  main.o(i.out_init)
    pid_cal                                  0x08002985   Thumb Code   194  pid.o(i.pid_cal)
    pid_control                              0x08002a49   Thumb Code   160  pid.o(i.pid_control)
    pid_init                                 0x08002b01   Thumb Code    14  pid.o(i.pid_init)
    pidout_limit                             0x08002b11   Thumb Code    34  pid.o(i.pidout_limit)
    pwm_init                                 0x08002b39   Thumb Code   354  ml_pwm.o(i.pwm_init)
    pwm_pin_init                             0x08002ca9   Thumb Code   172  ml_pwm.o(i.pwm_pin_init)
    pwm_update                               0x08002d55   Thumb Code   266  ml_pwm.o(i.pwm_update)
    sy_hcsr04_cm                             0x08002e69   Thumb Code   212  sy_hcsr04.o(i.sy_hcsr04_cm)
    sy_hcsr04_init                           0x08002f55   Thumb Code   140  sy_hcsr04.o(i.sy_hcsr04_init)
    tim_interrupt_ms_init                    0x08002fe5   Thumb Code   104  ml_tim.o(i.tim_interrupt_ms_init)
    track                                    0x08003055   Thumb Code   674  gray_track.o(i.track)
    uart_baud_config                         0x08003301   Thumb Code   142  ml_uart.o(i.uart_baud_config)
    uart_init                                0x080033a1   Thumb Code    92  ml_uart.o(i.uart_init)
    uart_pin_init                            0x08003405   Thumb Code    86  ml_uart.o(i.uart_pin_init)
    __mathlib_zero                           0x080034f8   Data           8  qnan.o(.constdata)
    Region$$Table$$Base                      0x08003500   Number         0  anon$$obj.o(Region$$Table)
    Region$$Table$$Limit                     0x08003520   Number         0  anon$$obj.o(Region$$Table)
    distance                                 0x20000000   Data           4  isr.o(.data)
    bizhang                                  0x20000004   Data           4  isr.o(.data)
    run_state                                0x2000000c   Data           4  isr.o(.data)
    stop_time                                0x20000010   Data           4  isr.o(.data)
    run_flag                                 0x20000014   Data           4  isr.o(.data)
    r_spe1                                   0x20000018   Data           4  isr.o(.data)
    r_spe2                                   0x2000001c   Data           4  isr.o(.data)
    motorA_dir                               0x20000020   Data           1  motor.o(.data)
    motorB_dir                               0x20000021   Data           1  motor.o(.data)
    Encoder_count1                           0x20000024   Data           4  motor.o(.data)
    Encoder_count2                           0x20000028   Data           4  motor.o(.data)
    speed_now                                0x2000002c   Data           4  motor.o(.data)
    stop_flag                                0x20000030   Data           4  gray_track.o(.data)
    bb_flag                                  0x20000034   Data           4  gray_track.o(.data)
    KF_Yaw                                   0x20000038   Data          48  filter.o(.data)
    KF_Roll                                  0x20000068   Data          48  filter.o(.data)
    KF_Pitch                                 0x20000098   Data          48  filter.o(.data)
    gpio_index                               0x200000c8   Data          12  ml_gpio.o(.data)
    tim_index                                0x200000d4   Data          12  ml_tim.o(.data)
    uart_index                               0x200000e0   Data          12  ml_uart.o(.data)
    __stdout                                 0x200000ec   Data           4  ml_uart.o(.data)
    ax                                       0x200000f0   Data           2  ml_mpu6050.o(.data)
    ay                                       0x200000f2   Data           2  ml_mpu6050.o(.data)
    az                                       0x200000f4   Data           2  ml_mpu6050.o(.data)
    gx                                       0x200000f6   Data           2  ml_mpu6050.o(.data)
    gy                                       0x200000f8   Data           2  ml_mpu6050.o(.data)
    gz                                       0x200000fa   Data           2  ml_mpu6050.o(.data)
    roll_gyro                                0x200000fc   Data           4  ml_mpu6050.o(.data)
    pitch_gyro                               0x20000100   Data           4  ml_mpu6050.o(.data)
    yaw_gyro                                 0x20000104   Data           4  ml_mpu6050.o(.data)
    roll_acc                                 0x20000108   Data           4  ml_mpu6050.o(.data)
    pitch_acc                                0x2000010c   Data           4  ml_mpu6050.o(.data)
    yaw_acc                                  0x20000110   Data           4  ml_mpu6050.o(.data)
    roll_Kalman                              0x20000114   Data           4  ml_mpu6050.o(.data)
    pitch_Kalman                             0x20000118   Data           4  ml_mpu6050.o(.data)
    yaw_Kalman                               0x2000011c   Data           4  ml_mpu6050.o(.data)
    hmc_x                                    0x20000120   Data           2  ml_hmc5883l.o(.data)
    hmc_y                                    0x20000122   Data           2  ml_hmc5883l.o(.data)
    hmc_z                                    0x20000124   Data           2  ml_hmc5883l.o(.data)
    yaw_hmc                                  0x20000128   Data           4  ml_hmc5883l.o(.data)
    t1                                       0x2000012c   Data           4  sy_hcsr04.o(.data)
    t2                                       0x20000130   Data           4  sy_hcsr04.o(.data)
    motorA                                   0x20000134   Data          52  pid.o(.bss)
    motorB                                   0x20000168   Data          52  pid.o(.bss)
    angle                                    0x2000019c   Data          52  pid.o(.bss)
    __initial_sp                             0x200005d0   Data           0  startup_stm32f10x_md.o(STACK)



==============================================================================

Memory Map of the image

  Image Entry point : 0x080000ed

  Load Region LR_IROM1 (Base: 0x08000000, Size: 0x00003654, Max: 0x00010000, ABSOLUTE, COMPRESSED[0x00003564])

    Execution Region ER_IROM1 (Exec base: 0x08000000, Load base: 0x08000000, Size: 0x00003520, Max: 0x00010000, ABSOLUTE)

    Exec Addr    Load Addr    Size         Type   Attr      Idx    E Section Name        Object

    0x08000000   0x08000000   0x000000ec   Data   RO          391    RESET               startup_stm32f10x_md.o
    0x080000ec   0x080000ec   0x00000000   Code   RO         1715  * .ARM.Collect$$$$00000000  mc_w.l(entry.o)
    0x080000ec   0x080000ec   0x00000004   Code   RO         2040    .ARM.Collect$$$$00000001  mc_w.l(entry2.o)
    0x080000f0   0x080000f0   0x00000004   Code   RO         2043    .ARM.Collect$$$$00000004  mc_w.l(entry5.o)
    0x080000f4   0x080000f4   0x00000000   Code   RO         2045    .ARM.Collect$$$$00000008  mc_w.l(entry7b.o)
    0x080000f4   0x080000f4   0x00000000   Code   RO         2047    .ARM.Collect$$$$0000000A  mc_w.l(entry8b.o)
    0x080000f4   0x080000f4   0x00000008   Code   RO         2048    .ARM.Collect$$$$0000000B  mc_w.l(entry9a.o)
    0x080000fc   0x080000fc   0x00000000   Code   RO         2050    .ARM.Collect$$$$0000000D  mc_w.l(entry10a.o)
    0x080000fc   0x080000fc   0x00000000   Code   RO         2052    .ARM.Collect$$$$0000000F  mc_w.l(entry11a.o)
    0x080000fc   0x080000fc   0x00000004   Code   RO         2041    .ARM.Collect$$$$00002712  mc_w.l(entry2.o)
    0x08000100   0x08000100   0x00000024   Code   RO          392    .text               startup_stm32f10x_md.o
    0x08000124   0x08000124   0x000000b0   Code   RO         1979    .text               mf_w.l(fadd.o)
    0x080001d4   0x080001d4   0x00000064   Code   RO         1981    .text               mf_w.l(fmul.o)
    0x08000238   0x08000238   0x0000007c   Code   RO         1983    .text               mf_w.l(fdiv.o)
    0x080002b4   0x080002b4   0x0000014e   Code   RO         1985    .text               mf_w.l(dadd.o)
    0x08000402   0x08000402   0x000000e4   Code   RO         1987    .text               mf_w.l(dmul.o)
    0x080004e6   0x080004e6   0x000000de   Code   RO         1989    .text               mf_w.l(ddiv.o)
    0x080005c4   0x080005c4   0x00000012   Code   RO         1991    .text               mf_w.l(fflti.o)
    0x080005d6   0x080005d6   0x0000000a   Code   RO         1993    .text               mf_w.l(ffltui.o)
    0x080005e0   0x080005e0   0x00000022   Code   RO         1995    .text               mf_w.l(dflti.o)
    0x08000602   0x08000602   0x0000001a   Code   RO         1997    .text               mf_w.l(dfltui.o)
    0x0800061c   0x0800061c   0x00000032   Code   RO         1999    .text               mf_w.l(ffixi.o)
    0x0800064e   0x0800064e   0x00000028   Code   RO         2001    .text               mf_w.l(ffixui.o)
    0x08000676   0x08000676   0x00000026   Code   RO         2005    .text               mf_w.l(f2d.o)
    0x0800069c   0x0800069c   0x00000038   Code   RO         2007    .text               mf_w.l(d2f.o)
    0x080006d4   0x080006d4   0x00000014   Code   RO         2009    .text               mf_w.l(cfcmple.o)
    0x080006e8   0x080006e8   0x00000014   Code   RO         2011    .text               mf_w.l(cfrcmple.o)
    0x080006fc   0x080006fc   0x0000002c   Code   RO         2054    .text               mc_w.l(uidiv.o)
    0x08000728   0x08000728   0x0000001e   Code   RO         2058    .text               mc_w.l(llshl.o)
    0x08000746   0x08000746   0x00000020   Code   RO         2060    .text               mc_w.l(llushr.o)
    0x08000766   0x08000766   0x00000024   Code   RO         2062    .text               mc_w.l(llsshr.o)
    0x0800078a   0x0800078a   0x00000000   Code   RO         2071    .text               mc_w.l(iusefp.o)
    0x0800078a   0x0800078a   0x0000006e   Code   RO         2072    .text               mf_w.l(fepilogue.o)
    0x080007f8   0x080007f8   0x000000ba   Code   RO         2074    .text               mf_w.l(depilogue.o)
    0x080008b2   0x080008b2   0x0000002e   Code   RO         2076    .text               mf_w.l(dscalb.o)
    0x080008e0   0x080008e0   0x00000024   Code   RO         2082    .text               mc_w.l(init.o)
    0x08000904   0x08000904   0x00000056   Code   RO         2096    .text               mc_w.l(__dczerorl2.o)
    0x0800095a   0x0800095a   0x00000002   PAD
    0x0800095c   0x0800095c   0x00000018   Code   RO          135    i.EXTI0_IRQHandler  isr.o
    0x08000974   0x08000974   0x00000018   Code   RO          136    i.EXTI1_IRQHandler  isr.o
    0x0800098c   0x0800098c   0x0000003c   Code   RO          137    i.EXTI2_IRQHandler  isr.o
    0x080009c8   0x080009c8   0x00000018   Code   RO          138    i.EXTI3_IRQHandler  isr.o
    0x080009e0   0x080009e0   0x0000003c   Code   RO          139    i.EXTI4_IRQHandler  isr.o
    0x08000a1c   0x08000a1c   0x00000348   Code   RO          140    i.EXTI9_5_IRQHandler  isr.o
    0x08000d64   0x08000d64   0x00000060   Code   RO          876    i.HMC5883L_GetData  ml_hmc5883l.o
    0x08000dc4   0x08000dc4   0x00000040   Code   RO          878    i.HMC5883L_Read     ml_hmc5883l.o
    0x08000e04   0x08000e04   0x00000022   Code   RO          703    i.I2C_NotSendAck    ml_i2c.o
    0x08000e26   0x08000e26   0x00000040   Code   RO          704    i.I2C_ReceiveByte   ml_i2c.o
    0x08000e66   0x08000e66   0x00000042   Code   RO          706    i.I2C_SendByte      ml_i2c.o
    0x08000ea8   0x08000ea8   0x0000002c   Code   RO          707    i.I2C_Start         ml_i2c.o
    0x08000ed4   0x08000ed4   0x00000022   Code   RO          708    i.I2C_Stop          ml_i2c.o
    0x08000ef6   0x08000ef6   0x00000030   Code   RO          709    i.I2C_WaitAck       ml_i2c.o
    0x08000f26   0x08000f26   0x00000140   Code   RO          283    i.Kalman_Filter     filter.o
    0x08001066   0x08001066   0x00000002   PAD
    0x08001068   0x08001068   0x000000b8   Code   RO          666    i.MPU6050_GetData   ml_mpu6050.o
    0x08001120   0x08001120   0x00000040   Code   RO          668    i.MPU6050_Read      ml_mpu6050.o
    0x08001160   0x08001160   0x00000028   Code   RO          500    i.NVIC_Group_Config  ml_nvic.o
    0x08001188   0x08001188   0x0000004c   Code   RO          501    i.NVIC_init         ml_nvic.o
    0x080011d4   0x080011d4   0x0000002a   Code   RO          756    i.OLED_Clear        ml_oled.o
    0x080011fe   0x080011fe   0x0000002c   Code   RO          758    i.OLED_I2C_Init     ml_oled.o
    0x0800122a   0x0800122a   0x0000004a   Code   RO          759    i.OLED_I2C_SendByte  ml_oled.o
    0x08001274   0x08001274   0x0000002c   Code   RO          760    i.OLED_I2C_Start    ml_oled.o
    0x080012a0   0x080012a0   0x00000022   Code   RO          761    i.OLED_I2C_Stop     ml_oled.o
    0x080012c2   0x080012c2   0x000000ae   Code   RO          762    i.OLED_Init         ml_oled.o
    0x08001370   0x08001370   0x00000022   Code   RO          764    i.OLED_SetCursor    ml_oled.o
    0x08001392   0x08001392   0x00000020   Code   RO          772    i.OLED_WriteCommand  ml_oled.o
    0x080013b2   0x080013b2   0x00000020   Code   RO          773    i.OLED_WriteData    ml_oled.o
    0x080013d2   0x080013d2   0x00000002   PAD
    0x080013d4   0x080013d4   0x00000020   Code   RO         1491    i.RCC_APB2PeriphClockCmd  stm32f10x_rcc.o
    0x080013f4   0x080013f4   0x00000008   Code   RO          355    i.SetSysClock       system_stm32f10x.o
    0x080013fc   0x080013fc   0x000000e0   Code   RO          356    i.SetSysClockTo72   system_stm32f10x.o
    0x080014dc   0x080014dc   0x00000060   Code   RO          358    i.SystemInit        system_stm32f10x.o
    0x0800153c   0x0800153c   0x00000080   Code   RO          939    i.TI1_Config        stm32f10x_tim.o
    0x080015bc   0x080015bc   0x00000098   Code   RO          940    i.TI2_Config        stm32f10x_tim.o
    0x08001654   0x08001654   0x00000090   Code   RO          941    i.TI3_Config        stm32f10x_tim.o
    0x080016e4   0x080016e4   0x00000098   Code   RO          942    i.TI4_Config        stm32f10x_tim.o
    0x0800177c   0x0800177c   0x0000001e   Code   RO          141    i.TIM2_IRQHandler   isr.o
    0x0800179a   0x0800179a   0x00000002   PAD
    0x0800179c   0x0800179c   0x0000015c   Code   RO          142    i.TIM3_IRQHandler   isr.o
    0x080018f8   0x080018f8   0x000000a0   Code   RO          143    i.TIM4_IRQHandler   isr.o
    0x08001998   0x08001998   0x00000006   Code   RO          949    i.TIM_ClearFlag     stm32f10x_tim.o
    0x0800199e   0x0800199e   0x00000018   Code   RO          955    i.TIM_Cmd           stm32f10x_tim.o
    0x080019b6   0x080019b6   0x00000006   Code   RO          970    i.TIM_GetCapture1   stm32f10x_tim.o
    0x080019bc   0x080019bc   0x00000006   Code   RO          971    i.TIM_GetCapture2   stm32f10x_tim.o
    0x080019c2   0x080019c2   0x00000012   Code   RO          975    i.TIM_GetFlagStatus  stm32f10x_tim.o
    0x080019d4   0x080019d4   0x000000ac   Code   RO          978    i.TIM_ICInit        stm32f10x_tim.o
    0x08001a80   0x08001a80   0x00000004   Code   RO         1020    i.TIM_SetCounter    stm32f10x_tim.o
    0x08001a84   0x08001a84   0x00000012   Code   RO         1021    i.TIM_SetIC1Prescaler  stm32f10x_tim.o
    0x08001a96   0x08001a96   0x0000001a   Code   RO         1022    i.TIM_SetIC2Prescaler  stm32f10x_tim.o
    0x08001ab0   0x08001ab0   0x00000012   Code   RO         1023    i.TIM_SetIC3Prescaler  stm32f10x_tim.o
    0x08001ac2   0x08001ac2   0x0000001a   Code   RO         1024    i.TIM_SetIC4Prescaler  stm32f10x_tim.o
    0x08001adc   0x08001adc   0x000000a4   Code   RO         1026    i.TIM_TimeBaseInit  stm32f10x_tim.o
    0x08001b80   0x08001b80   0x0000001c   Code   RO          144    i.USART1_IRQHandler  isr.o
    0x08001b9c   0x08001b9c   0x0000001c   Code   RO          145    i.USART2_IRQHandler  isr.o
    0x08001bb8   0x08001bb8   0x0000001c   Code   RO          146    i.USART3_IRQHandler  isr.o
    0x08001bd4   0x08001bd4   0x00000020   Code   RO         1763    i.__0printf$1       mc_w.l(printf1.o)
    0x08001bf4   0x08001bf4   0x00000028   Code   RO         2027    i.__ARM_fpclassify  m_ws.l(fpclassify.o)
    0x08001c1c   0x08001c1c   0x000000aa   Code   RO         2029    i.__kernel_poly     m_ws.l(poly.o)
    0x08001cc6   0x08001cc6   0x00000006   Code   RO         2014    i.__mathlib_dbl_infnan  m_ws.l(dunder.o)
    0x08001ccc   0x08001ccc   0x00000004   Code   RO         2015    i.__mathlib_dbl_infnan2  m_ws.l(dunder.o)
    0x08001cd0   0x08001cd0   0x00000010   Code   RO         2019    i.__mathlib_dbl_underflow  m_ws.l(dunder.o)
    0x08001ce0   0x08001ce0   0x0000000e   Code   RO         2090    i.__scatterload_copy  mc_w.l(handlers.o)
    0x08001cee   0x08001cee   0x00000002   Code   RO         2091    i.__scatterload_null  mc_w.l(handlers.o)
    0x08001cf0   0x08001cf0   0x0000000e   Code   RO         2092    i.__scatterload_zeroinit  mc_w.l(handlers.o)
    0x08001cfe   0x08001cfe   0x00000002   PAD
    0x08001d00   0x08001d00   0x00000154   Code   RO         1770    i._printf_core      mc_w.l(printf1.o)
    0x08001e54   0x08001e54   0x00000220   Code   RO         1688    i.atan              m_ws.l(atan.o)
    0x08002074   0x08002074   0x00000180   Code   RO         1698    i.atan2             m_ws.l(atan2.o)
    0x080021f4   0x080021f4   0x0000002e   Code   RO          478    i.delay_us          ml_delay.o
    0x08002222   0x08002222   0x000000ae   Code   RO          256    i.digtal            gray_track.o
    0x080022d0   0x080022d0   0x0000002c   Code   RO          220    i.encoder_init      motor.o
    0x080022fc   0x080022fc   0x0000010c   Code   RO          648    i.exti_init         ml_exti.o
    0x08002408   0x08002408   0x00000148   Code   RO          649    i.exti_pin_init     ml_exti.o
    0x08002550   0x08002550   0x0000001c   Code   RO          561    i.fputc             ml_uart.o
    0x0800256c   0x0800256c   0x00000024   Code   RO          397    i.gpio_get          ml_gpio.o
    0x08002590   0x08002590   0x000001a4   Code   RO          398    i.gpio_init         ml_gpio.o
    0x08002734   0x08002734   0x00000040   Code   RO          399    i.gpio_set          ml_gpio.o
    0x08002774   0x08002774   0x00000054   Code   RO          257    i.gray_init         gray_track.o
    0x080027c8   0x080027c8   0x000000a0   Code   RO            3    i.main              main.o
    0x08002868   0x08002868   0x00000024   Code   RO          221    i.motorA_duty       motor.o
    0x0800288c   0x0800288c   0x00000024   Code   RO          222    i.motorB_duty       motor.o
    0x080028b0   0x080028b0   0x00000044   Code   RO          223    i.motor_init        motor.o
    0x080028f4   0x080028f4   0x00000064   Code   RO          308    i.motor_target_set  pid.o
    0x08002958   0x08002958   0x0000002c   Code   RO            5    i.out_init          main.o
    0x08002984   0x08002984   0x000000c2   Code   RO          309    i.pid_cal           pid.o
    0x08002a46   0x08002a46   0x00000002   PAD
    0x08002a48   0x08002a48   0x000000b8   Code   RO          310    i.pid_control       pid.o
    0x08002b00   0x08002b00   0x0000000e   Code   RO          311    i.pid_init          pid.o
    0x08002b0e   0x08002b0e   0x00000002   PAD
    0x08002b10   0x08002b10   0x00000028   Code   RO          312    i.pidout_limit      pid.o
    0x08002b38   0x08002b38   0x00000170   Code   RO          518    i.pwm_init          ml_pwm.o
    0x08002ca8   0x08002ca8   0x000000ac   Code   RO          519    i.pwm_pin_init      ml_pwm.o
    0x08002d54   0x08002d54   0x00000114   Code   RO          520    i.pwm_update        ml_pwm.o
    0x08002e68   0x08002e68   0x000000ec   Code   RO          913    i.sy_hcsr04_cm      sy_hcsr04.o
    0x08002f54   0x08002f54   0x00000090   Code   RO          914    i.sy_hcsr04_init    sy_hcsr04.o
    0x08002fe4   0x08002fe4   0x00000070   Code   RO          542    i.tim_interrupt_ms_init  ml_tim.o
    0x08003054   0x08003054   0x000002ac   Code   RO          258    i.track             gray_track.o
    0x08003300   0x08003300   0x000000a0   Code   RO          562    i.uart_baud_config  ml_uart.o
    0x080033a0   0x080033a0   0x00000064   Code   RO          564    i.uart_init         ml_uart.o
    0x08003404   0x08003404   0x00000056   Code   RO          565    i.uart_pin_init     ml_uart.o
    0x0800345a   0x0800345a   0x00000006   PAD
    0x08003460   0x08003460   0x00000098   Data   RO         1689    .constdata          m_ws.l(atan.o)
    0x080034f8   0x080034f8   0x00000008   Data   RO         2031    .constdata          m_ws.l(qnan.o)
    0x08003500   0x08003500   0x00000020   Data   RO         2088    Region$$Table       anon$$obj.o


    Execution Region RW_IRAM1 (Exec base: 0x20000000, Load base: 0x08003520, Size: 0x000005d0, Max: 0x00005000, ABSOLUTE, COMPRESSED[0x00000044])

    Exec Addr    Load Addr    Size         Type   Attr      Idx    E Section Name        Object

    0x20000000   COMPRESSED   0x00000020   Data   RW          147    .data               isr.o
    0x20000020   COMPRESSED   0x00000010   Data   RW          224    .data               motor.o
    0x20000030   COMPRESSED   0x00000008   Data   RW          259    .data               gray_track.o
    0x20000038   COMPRESSED   0x00000090   Data   RW          285    .data               filter.o
    0x200000c8   COMPRESSED   0x0000000c   Data   RW          400    .data               ml_gpio.o
    0x200000d4   COMPRESSED   0x0000000c   Data   RW          543    .data               ml_tim.o
    0x200000e0   COMPRESSED   0x00000010   Data   RW          568    .data               ml_uart.o
    0x200000f0   COMPRESSED   0x00000030   Data   RW          670    .data               ml_mpu6050.o
    0x20000120   COMPRESSED   0x0000000c   Data   RW          880    .data               ml_hmc5883l.o
    0x2000012c   COMPRESSED   0x00000008   Data   RW          915    .data               sy_hcsr04.o
    0x20000134        -       0x0000009c   Zero   RW          313    .bss                pid.o
    0x200001d0        -       0x00000400   Zero   RW          389    STACK               startup_stm32f10x_md.o


==============================================================================

Image component sizes


      Code (inc. data)   RO Data    RW Data    ZI Data      Debug   Object Name

       320          0          0        144          0       1662   filter.o
       942         20          0          8          0       2217   gray_track.o
      1654        244          0         32          0       5632   isr.o
       204         36          0          0          0     227714   main.o
        46          0          0          0          0        455   ml_delay.o
       596         38          0          0          0       1424   ml_exti.o
       520         22          0         12          0       4739   ml_gpio.o
       160         14          0         12          0       1415   ml_hmc5883l.o
       290          0          0          0          0       2939   ml_i2c.o
       248         24          0         48          0       1770   ml_mpu6050.o
       116         16          0          0          0       1084   ml_nvic.o
       510          0          0          0          0       4528   ml_oled.o
       816         36          0          0          0       1955   ml_pwm.o
       112          8          0         12          0       1444   ml_tim.o
       374         30          0         16          0       4104   ml_uart.o
       184          0          0         16          0       2216   motor.o
       532         46          0          0        156       3819   pid.o
        36          8        236          0       1024        812   startup_stm32f10x_md.o
        32          6          0          0          0        533   stm32f10x_rcc.o
      1064        150          0          0          0       9839   stm32f10x_tim.o
       380         28          0          8          0       1456   sy_hcsr04.o
       328         28          0          0          0       1813   system_stm32f10x.o

    ----------------------------------------------------------------------
      9480        754        268        308       1180     283570   Object Totals
         0          0         32          0          0          0   (incl. Generated)
        16          0          0          0          0          0   (incl. Padding)

    ----------------------------------------------------------------------

      Code (inc. data)   RO Data    RW Data    ZI Data      Debug   Library Member Name

       544         70        152          0          0        124   atan.o
       384         38          0          0          0        144   atan2.o
        26          6          0          0          0        204   dunder.o
        40          0          0          0          0         68   fpclassify.o
       170          0          0          0          0         96   poly.o
         0          0          8          0          0          0   qnan.o
        86          0          0          0          0          0   __dczerorl2.o
         0          0          0          0          0          0   entry.o
         0          0          0          0          0          0   entry10a.o
         0          0          0          0          0          0   entry11a.o
         8          4          0          0          0          0   entry2.o
         4          0          0          0          0          0   entry5.o
         0          0          0          0          0          0   entry7b.o
         0          0          0          0          0          0   entry8b.o
         8          4          0          0          0          0   entry9a.o
        30          0          0          0          0          0   handlers.o
        36          8          0          0          0         68   init.o
         0          0          0          0          0          0   iusefp.o
        30          0          0          0          0         68   llshl.o
        36          0          0          0          0         68   llsshr.o
        32          0          0          0          0         68   llushr.o
       372         14          0          0          0        184   printf1.o
        44          0          0          0          0         80   uidiv.o
        20          0          0          0          0         68   cfcmple.o
        20          0          0          0          0         68   cfrcmple.o
        56          0          0          0          0         88   d2f.o
       334          0          0          0          0        148   dadd.o
       222          0          0          0          0        100   ddiv.o
       186          0          0          0          0        176   depilogue.o
        34          0          0          0          0         76   dflti.o
        26          0          0          0          0         76   dfltui.o
       228          0          0          0          0         96   dmul.o
        46          0          0          0          0         80   dscalb.o
        38          0          0          0          0         68   f2d.o
       176          0          0          0          0        140   fadd.o
       124          0          0          0          0         88   fdiv.o
       110          0          0          0          0        168   fepilogue.o
        50          0          0          0          0         68   ffixi.o
        40          0          0          0          0         68   ffixui.o
        18          0          0          0          0         68   fflti.o
        10          0          0          0          0         68   ffltui.o
       100          0          0          0          0         76   fmul.o

    ----------------------------------------------------------------------
      3692        144        160          0          0       2960   Library Totals
         4          0          0          0          0          0   (incl. Padding)

    ----------------------------------------------------------------------

      Code (inc. data)   RO Data    RW Data    ZI Data      Debug   Library Name

      1164        114        160          0          0        636   m_ws.l
       686         30          0          0          0        536   mc_w.l
      1838          0          0          0          0       1788   mf_w.l

    ----------------------------------------------------------------------
      3692        144        160          0          0       2960   Library Totals

    ----------------------------------------------------------------------

==============================================================================


      Code (inc. data)   RO Data    RW Data    ZI Data      Debug   

     13172        898        428        308       1180     280938   Grand Totals
     13172        898        428         68       1180     280938   ELF Image Totals (compressed)
     13172        898        428         68          0          0   ROM Totals

==============================================================================

    Total RO  Size (Code + RO Data)                13600 (  13.28kB)
    Total RW  Size (RW Data + ZI Data)              1488 (   1.45kB)
    Total ROM Size (Code + RO Data + RW Data)      13668 (  13.35kB)

==============================================================================

